Component: ARM Compiler 5.06 update 4 (build 422) Tool: armlink [4d35d2]

==============================================================================

Section Cross References

    main.o(i.main) refers to stm32f4xx_hal.o(i.HAL_Init) for HAL_Init
    main.o(i.main) refers to bsp_init.o(i.SystemClock_Config) for SystemClock_Config
    main.o(i.main) refers to controltask.o(i.ControlLoopTaskInit) for ControlLoopTaskInit
    main.o(i.main) refers to remote.o(i.RemoteTaskInit) for RemoteTaskInit
    main.o(i.main) refers to bsp_init.o(i.BSP_Init) for BSP_Init
    main.o(i.main) refers to test_imu.o(i.MPU6500_Init) for MPU6500_Init
    main.o(i.main) refers to freertos.o(i.MX_FREERTOS_Init) for MX_FREERTOS_Init
    main.o(i.main) refers to controltask.o(i.Control_Task) for Control_Task
    main.o(i.main) refers to driver_protocol.o(i.Protocol) for Protocol
    main.o(i.main) refers to stm32f4xx_hal_i2c.o(i.HAL_I2C_Master_Receive_IT) for HAL_I2C_Master_Receive_IT
    main.o(i.main) refers to driver_minifold.o(i.Send_MiniPC) for Send_MiniPC
    main.o(i.main) refers to driver_levellimit.o(i.shoot_limitcal) for shoot_limitcal
    main.o(i.main) refers to stm32f4xx_it.o(.data) for frame_1000Hz
    main.o(i.main) refers to main.o(.data) for frame_1000count
    main.o(i.main) refers to i2c.o(.bss) for hi2c1
    stm32f4xx_it.o(i.ADC_IRQHandler) refers to stm32f4xx_hal_adc.o(i.HAL_ADC_IRQHandler) for HAL_ADC_IRQHandler
    stm32f4xx_it.o(i.ADC_IRQHandler) refers to adc.o(.bss) for hadc1
    stm32f4xx_it.o(i.CAN1_RX0_IRQHandler) refers to stm32f4xx_hal_can.o(i.HAL_CAN_IRQHandler) for HAL_CAN_IRQHandler
    stm32f4xx_it.o(i.CAN1_RX0_IRQHandler) refers to can.o(.bss) for hcan1
    stm32f4xx_it.o(i.CAN1_TX_IRQHandler) refers to stm32f4xx_hal_can.o(i.HAL_CAN_IRQHandler) for HAL_CAN_IRQHandler
    stm32f4xx_it.o(i.CAN1_TX_IRQHandler) refers to can.o(.bss) for hcan1
    stm32f4xx_it.o(i.CAN1_TX_IRQHandler) refers to supervisetask.o(.data) for CAN_Send1_FrameCounter
    stm32f4xx_it.o(i.CAN2_RX0_IRQHandler) refers to stm32f4xx_hal_can.o(i.HAL_CAN_IRQHandler) for HAL_CAN_IRQHandler
    stm32f4xx_it.o(i.CAN2_RX0_IRQHandler) refers to can.o(.bss) for hcan2
    stm32f4xx_it.o(i.CAN2_TX_IRQHandler) refers to stm32f4xx_hal_can.o(i.HAL_CAN_IRQHandler) for HAL_CAN_IRQHandler
    stm32f4xx_it.o(i.CAN2_TX_IRQHandler) refers to supervisetask.o(.data) for CAN_Send2_FrameCounter
    stm32f4xx_it.o(i.CAN2_TX_IRQHandler) refers to can.o(.bss) for hcan2
    stm32f4xx_it.o(i.DMA1_Stream1_IRQHandler) refers to stm32f4xx_hal_dma.o(i.HAL_DMA_IRQHandler) for HAL_DMA_IRQHandler
    stm32f4xx_it.o(i.DMA1_Stream1_IRQHandler) refers to dma.o(.bss) for hdma_usart3_rx
    stm32f4xx_it.o(i.DMA1_Stream5_IRQHandler) refers to stm32f4xx_hal_dma.o(i.HAL_DMA_IRQHandler) for HAL_DMA_IRQHandler
    stm32f4xx_it.o(i.DMA1_Stream5_IRQHandler) refers to dma.o(.bss) for hdma_usart2_rx
    stm32f4xx_it.o(i.DMA1_Stream6_IRQHandler) refers to stm32f4xx_hal_dma.o(i.HAL_DMA_IRQHandler) for HAL_DMA_IRQHandler
    stm32f4xx_it.o(i.DMA1_Stream6_IRQHandler) refers to stm32f4xx_it.o(.data) for U2_tx
    stm32f4xx_it.o(i.DMA1_Stream6_IRQHandler) refers to dma.o(.bss) for hdma_usart2_tx
    stm32f4xx_it.o(i.DMA2_Stream1_IRQHandler) refers to stm32f4xx_hal_dma.o(i.HAL_DMA_IRQHandler) for HAL_DMA_IRQHandler
    stm32f4xx_it.o(i.DMA2_Stream1_IRQHandler) refers to dma.o(.bss) for hdma_usart6_rx
    stm32f4xx_it.o(i.DMA2_Stream2_IRQHandler) refers to stm32f4xx_hal_dma.o(i.HAL_DMA_IRQHandler) for HAL_DMA_IRQHandler
    stm32f4xx_it.o(i.DMA2_Stream2_IRQHandler) refers to dma.o(.bss) for hdma_usart1_rx
    stm32f4xx_it.o(i.EXTI0_IRQHandler) refers to stm32f4xx_hal_gpio.o(i.HAL_GPIO_EXTI_IRQHandler) for HAL_GPIO_EXTI_IRQHandler
    stm32f4xx_it.o(i.EXTI0_IRQHandler) refers to stm32f4xx_it.o(.data) for EXTI0_IT_count
    stm32f4xx_it.o(i.EXTI9_5_IRQHandler) refers to stm32f4xx_hal_gpio.o(i.HAL_GPIO_EXTI_IRQHandler) for HAL_GPIO_EXTI_IRQHandler
    stm32f4xx_it.o(i.EXTI9_5_IRQHandler) refers to stm32f4xx_it.o(.data) for EXTI1_IT_count
    stm32f4xx_it.o(i.HAL_ADC_ConvCpltCallback) refers to stm32f4xx_hal_adc.o(i.HAL_ADC_GetValue) for HAL_ADC_GetValue
    stm32f4xx_it.o(i.HAL_ADC_ConvCpltCallback) refers to driver_currentmeasure.o(i.ADC_Cal_Current) for ADC_Cal_Current
    stm32f4xx_it.o(i.HAL_ADC_ConvCpltCallback) refers to adc.o(.bss) for hadc1
    stm32f4xx_it.o(i.HAL_CAN_RxCpltCallback) refers to canbustask.o(i.CanReceiveMsgProcess) for CanReceiveMsgProcess
    stm32f4xx_it.o(i.HAL_CAN_RxCpltCallback) refers to stm32f4xx_hal_can.o(i.HAL_CAN_Receive_IT) for HAL_CAN_Receive_IT
    stm32f4xx_it.o(i.HAL_CAN_RxCpltCallback) refers to canbustask.o(i.CanReceiveMsgProcess_2) for CanReceiveMsgProcess_2
    stm32f4xx_it.o(i.HAL_CAN_RxCpltCallback) refers to can.o(.bss) for hcan1
    stm32f4xx_it.o(i.HAL_CAN_RxCpltCallback) refers to supervisetask.o(.data) for can1_res
    stm32f4xx_it.o(i.HAL_GPIO_EXTI_Callback) refers to imu.o(i.GetPitchYawGxGyGz) for GetPitchYawGxGyGz
[...]
    PID_Task                                 0x0800873d   Thumb Code    40  pid.o(i.PID_Task)
    Power_Limit_OutputCal                    0x08008765   Thumb Code  1294  driver_chassis.o(i.Power_Limit_OutputCal)
    Protocol                                 0x08008c85   Thumb Code   132  driver_protocol.o(i.Protocol)
    Protocol_SendFrame                       0x08008d21   Thumb Code    94  driver_protocol.o(i.Protocol_SendFrame)
    RampCalc                                 0x08008d85   Thumb Code    42  ramp.o(i.RampCalc)
    RampInit                                 0x08008daf   Thumb Code     2  ramp.o(i.RampInit)
    RampIsOverflow                           0x08008db1   Thumb Code    18  ramp.o(i.RampIsOverflow)
    RampResetCounter                         0x08008dc3   Thumb Code     6  ramp.o(i.RampResetCounter)
    RampSetCounter                           0x08008dc9   Thumb Code     4  ramp.o(i.RampSetCounter)
    RampSetScale                             0x08008dcd   Thumb Code     4  ramp.o(i.RampSetScale)
    RemoteDataPrcess                         0x0800904d   Thumb Code   216  remote.o(i.RemoteDataPrcess)
    RemoteTaskInit                           0x0800912d   Thumb Code    66  remote.o(i.RemoteTaskInit)
    Remote_CheckJumpKey                      0x08009185   Thumb Code    18  remote.o(i.Remote_CheckJumpKey)
    ResetCaliCmdFlag                         0x0800919d   Thumb Code    12  iotask.o(i.ResetCaliCmdFlag)
    Send_CM_PID                              0x08009281   Thumb Code   198  driver_protocol.o(i.Send_CM_PID)
    Send_Check                               0x08009355   Thumb Code    66  driver_protocol.o(i.Send_Check)
    Send_FrameRate                           0x0800939d   Thumb Code   186  driver_protocol.o(i.Send_FrameRate)
    Send_GMP_PID                             0x08009475   Thumb Code   198  driver_protocol.o(i.Send_GMP_PID)
    Send_GMY_PID                             0x08009549   Thumb Code   198  driver_protocol.o(i.Send_GMY_PID)
    Send_Judge                               0x0800961d   Thumb Code     2  driver_protocol.o(i.Send_Judge)
    Send_MiniPC                              0x08009621   Thumb Code   210  driver_minifold.o(i.Send_MiniPC)
    Send_Moto_Rmp                            0x08009715   Thumb Code   184  driver_protocol.o(i.Send_Moto_Rmp)
    Send_RC_Data                             0x080097f1   Thumb Code   146  driver_protocol.o(i.Send_RC_Data)
    Send_R_F_PID                             0x08009889   Thumb Code   214  driver_protocol.o(i.Send_R_F_PID)
    Send_Ref_Fdb                             0x08009971   Thumb Code   568  driver_protocol.o(i.Send_Ref_Fdb)
    Send_Sensor                              0x08009be5   Thumb Code   190  driver_protocol.o(i.Send_Sensor)
    Send_Shoot_PID                           0x08009cad   Thumb Code   170  driver_protocol.o(i.Send_Shoot_PID)
    Send_Status                              0x08009d5d   Thumb Code   200  driver_protocol.o(i.Send_Status)
    Send_StatusMachine                       0x08009e3d   Thumb Code   122  driver_protocol.o(i.Send_StatusMachine)
    Sensor_Offset_Param_Init                 0x08009eb9   Thumb Code    36  iotask.o(i.Sensor_Offset_Param_Init)
    SetCaliCmdFlag                           0x08009ee9   Thumb Code    12  iotask.o(i.SetCaliCmdFlag)
    SetFrictionState                         0x08009ef9   Thumb Code    32  statusmachine.o(i.SetFrictionState)
    SetGimbalCaliData                        0x08009f1d   Thumb Code    24  iotask.o(i.SetGimbalCaliData)
    SetGimbalMotorOutput                     0x08009f39   Thumb Code   146  driver_gimbal.o(i.SetGimbalMotorOutput)
    SetGyroCaliData                          0x08009fdd   Thumb Code    22  iotask.o(i.SetGyroCaliData)
    SetPIDCaliData                           0x08009ff9   Thumb Code    98  iotask.o(i.SetPIDCaliData)
    SetShootState                            0x0800a061   Thumb Code     6  statusmachine.o(i.SetShootState)
    SetTurnTableCaliData                     0x0800a06d   Thumb Code    22  iotask.o(i.SetTurnTableCaliData)
    SetWorkState                             0x0800a089   Thumb Code     6  statusmachine.o(i.SetWorkState)
    Set_CM_Speed                             0x0800a095   Thumb Code   112  canbustask.o(i.Set_CM_Speed)
    Set_Gimbal_Current                       0x0800a109   Thumb Code   144  canbustask.o(i.Set_Gimbal_Current)
    Set_Little_Gimbal                        0x0800a1a5   Thumb Code   158  canbustask.o(i.Set_Little_Gimbal)
    Shoot_Single                             0x0800a24d   Thumb Code   112  driver_frimotor.o(i.Shoot_Single)
    Sing                                     0x0800a2dd   Thumb Code    42  driver_beep.o(i.Sing)
    Sing_Music                               0x0800a311   Thumb Code    42  driver_beep.o(i.Sing_Music)
    StartDefaultTask                         0x0800a341   Thumb Code    10  freertos.o(i.StartDefaultTask)
    StatusMachine_Init                       0x0800a34d   Thumb Code    42  statusmachine.o(i.StatusMachine_Init)
    StatusMachine_Update                     0x0800a399   Thumb Code    56  statusmachine.o(i.StatusMachine_Update)
    SysTick_Handler                          0x0800a3dd   Thumb Code    12  stm32f4xx_it.o(i.SysTick_Handler)
    SystemClock_Config                       0x0800a3e9   Thumb Code   198  bsp_init.o(i.SystemClock_Config)
    SystemInit                               0x0800a4cd   Thumb Code    82  system_stm32f4xx.o(i.SystemInit)
    TIM6_DAC_IRQHandler                      0x0800a531   Thumb Code    10  stm32f4xx_it.o(i.TIM6_DAC_IRQHandler)
    TIM_Base_SetConfig                       0x0800a541   Thumb Code   184  stm32f4xx_hal_tim.o(i.TIM_Base_SetConfig)
    TIM_CCxChannelCmd                        0x0800a625   Thumb Code    28  stm32f4xx_hal_tim.o(i.TIM_CCxChannelCmd)
    TIM_OC2_SetConfig                        0x0800a6b1   Thumb Code   112  stm32f4xx_hal_tim.o(i.TIM_OC2_SetConfig)
    Task_Monitor                             0x0800a801   Thumb Code   344  supervisetask.o(i.Task_Monitor)
    TurnTableCaliProcess                     0x0800a9bd   Thumb Code    70  iotask.o(i.TurnTableCaliProcess)
    Turntable_Cail                           0x0800aa19   Thumb Code   560  driver_frimotor.o(i.Turntable_Cail)
    Turntable_Control                        0x0800ac8d   Thumb Code   886  driver_frimotor.o(i.Turntable_Control)
    Turntable_Select                         0x0800b069   Thumb Code   352  statusmachine.o(i.Turntable_Select)
    UART8_IRQHandler                         0x0800b1f9   Thumb Code   156  stm32f4xx_it.o(i.UART8_IRQHandler)
    USART1_IRQHandler                        0x0800b7ad   Thumb Code   134  stm32f4xx_it.o(i.USART1_IRQHandler)
    USART2_IRQHandler                        0x0800b849   Thumb Code   138  stm32f4xx_it.o(i.USART2_IRQHandler)
    USART3_IRQHandler                        0x0800b8ed   Thumb Code   138  stm32f4xx_it.o(i.USART3_IRQHandler)
    USART6_IRQHandler                        0x0800b991   Thumb Code   138  stm32f4xx_it.o(i.USART6_IRQHandler)
    UsageFault_Handler                       0x0800c00d   Thumb Code     4  stm32f4xx_it.o(i.UsageFault_Handler)
    Verify_CRC16_Check_Sum                   0x0800c011   Thumb Code    60  driver_judge.o(i.Verify_CRC16_Check_Sum)
    Verify_CRC8_Check_Sum                    0x0800c051   Thumb Code    46  driver_judge.o(i.Verify_CRC8_Check_Sum)
    WorkstateFSM                             0x0800c0a9   Thumb Code   172  statusmachine.o(i.WorkstateFSM)
    _Error_Handler                           0x0800c171   Thumb Code     4  bsp_init.o(i._Error_Handler)
    __ARM_fpclassify                         0x0800c175   Thumb Code    48  fpclassify.o(i.__ARM_fpclassify)
    __hardfp_asin                            0x0800c1a9   Thumb Code   770  asin.o(i.__hardfp_asin)
    __hardfp_atan                            0x0800c509   Thumb Code   622  atan.o(i.__hardfp_atan)
    __hardfp_atan2                           0x0800c7e1   Thumb Code   432  atan2.o(i.__hardfp_atan2)
    __hardfp_cos                             0x0800c9d1   Thumb Code   180  cos.o(i.__hardfp_cos)
    __hardfp_fabs                            0x0800ca99   Thumb Code    20  fabs.o(i.__hardfp_fabs)
    __hardfp_sin                             0x0800cab1   Thumb Code   180  sin.o(i.__hardfp_sin)
    __hardfp_sqrt                            0x0800cb79   Thumb Code   122  sqrt.o(i.__hardfp_sqrt)
    __ieee754_rem_pio2                       0x0800cbf9   Thumb Code   938  rred.o(i.__ieee754_rem_pio2)
    __kernel_cos                             0x0800d031   Thumb Code   322  cos_i.o(i.__kernel_cos)
    __kernel_poly                            0x0800d1a1   Thumb Code   248  poly.o(i.__kernel_poly)
    __kernel_sin                             0x0800d299   Thumb Code   280  sin_i.o(i.__kernel_sin)
    __mathlib_dbl_infnan                     0x0800d3c9   Thumb Code    20  dunder.o(i.__mathlib_dbl_infnan)
    __mathlib_dbl_infnan2                    0x0800d3dd   Thumb Code    20  dunder.o(i.__mathlib_dbl_infnan2)
    __mathlib_dbl_invalid                    0x0800d3f1   Thumb Code    24  dunder.o(i.__mathlib_dbl_invalid)
    __mathlib_dbl_underflow                  0x0800d411   Thumb Code    24  dunder.o(i.__mathlib_dbl_underflow)
    __scatterload_copy                       0x0800d431   Thumb Code    14  handlers.o(i.__scatterload_copy)
    __scatterload_null                       0x0800d43f   Thumb Code     2  handlers.o(i.__scatterload_null)
    __scatterload_zeroinit                   0x0800d441   Thumb Code    14  handlers.o(i.__scatterload_zeroinit)
    __set_errno                              0x0800d451   Thumb Code     6  errno.o(i.__set_errno)
    atan                                     0x0800d45d   Thumb Code    16  atan.o(i.atan)
    bufferPop                                0x0800d46d   Thumb Code    50  data.o(i.bufferPop)
    bufferPush                               0x0800d49f   Thumb Code    52  data.o(i.bufferPush)
    buffer_multiPop                          0x0800d4d3   Thumb Code    40  data.o(i.buffer_multiPop)
    bufferlen                                0x0800d4fb   Thumb Code    24  data.o(i.bufferlen)
    fabs                                     0x0800d513   Thumb Code    24  fabs.o(i.fabs)
    get_measure                              0x0800d52b   Thumb Code    42  canbustask.o(i.get_measure)
    invSqrt                                  0x0800d555   Thumb Code    56  imu.o(i.invSqrt)
    main                                     0x0800d591   Thumb Code   126  main.o(i.main)
    osDelay                                  0x0800d63b   Thumb Code    24  cmsis_os.o(i.osDelay)
    osSystickHandler                         0x0800d653   Thumb Code    16  cmsis_os.o(i.osSystickHandler)
    osThreadCreate                           0x0800d663   Thumb Code    48  cmsis_os.o(i.osThreadCreate)
    pvPortMalloc                             0x0800da4d   Thumb Code   296  heap_4.o(i.pvPortMalloc)
    pxPortInitialiseStack                    0x0800db89   Thumb Code    38  port.o(i.pxPortInitialiseStack)
    set_shootnum                             0x0800dbb5   Thumb Code    26  statusmachine.o(i.set_shootnum)
    shoot_limitcal                           0x0800dbd9   Thumb Code   198  driver_levellimit.o(i.shoot_limitcal)
    sqrt                                     0x0800dcb1   Thumb Code   110  sqrt.o(i.sqrt)
    uxListRemove                             0x0800dd1f   Thumb Code    40  list.o(i.uxListRemove)
    vListInitialise                          0x0800dd47   Thumb Code    26  list.o(i.vListInitialise)
    vListInitialiseItem                      0x0800dd61   Thumb Code     6  list.o(i.vListInitialiseItem)
    vListInsert                              0x0800dd67   Thumb Code    52  list.o(i.vListInsert)
    vListInsertEnd                           0x0800dd9b   Thumb Code    24  list.o(i.vListInsertEnd)
    vPortEnterCritical                       0x0800ddb5   Thumb Code    76  port.o(i.vPortEnterCritical)
    vPortExitCritical                        0x0800de09   Thumb Code    56  port.o(i.vPortExitCritical)
    vPortFree                                0x0800de45   Thumb Code   140  heap_4.o(i.vPortFree)
    vTaskDelay                               0x0800ded9   Thumb Code    82  tasks.o(i.vTaskDelay)
    vTaskSuspendAll                          0x0800df35   Thumb Code    12  tasks.o(i.vTaskSuspendAll)
    vTaskSwitchContext                       0x0800df45   Thumb Code   118  tasks.o(i.vTaskSwitchContext)
    xPortSysTickHandler                      0x0800dfd1   Thumb Code    46  port.o(i.xPortSysTickHandler)
    xTaskCreate                              0x0800e005   Thumb Code    96  tasks.o(i.xTaskCreate)
    xTaskGetSchedulerState                   0x0800e065   Thumb Code    24  tasks.o(i.xTaskGetSchedulerState)
    xTaskIncrementTick                       0x0800e085   Thumb Code   282  tasks.o(i.xTaskIncrementTick)
    xTaskResumeAll                           0x0800e1cd   Thumb Code   224  tasks.o(i.xTaskResumeAll)
    tone_tab                                 0x0800e2e4   Data          42  driver_beep.o(.constdata)
    No_music                                 0x0800e30e   Data           8  driver_beep.o(.constdata)
    Startup_music                            0x0800e316   Data          10  driver_beep.o(.constdata)
    Cali_Mode_music                          0x0800e320   Data           9  driver_beep.o(.constdata)
    Bullet_Block_music                       0x0800e329   Data           5  driver_beep.o(.constdata)
    CRC8_INIT                                0x0800e32e   Data           1  driver_judge.o(.constdata)
    CRC8_TAB                                 0x0800e32f   Data         256  driver_judge.o(.constdata)
    wCRC_Table                               0x0800e430   Data         512  driver_judge.o(.constdata)
    AHBPrescTable                            0x0800e644   Data          16  system_stm32f4xx.o(.constdata)
    APBPrescTable                            0x0800e654   Data           8  system_stm32f4xx.o(.constdata)
    __mathlib_zero                           0x0800e780   Data           8  qnan.o(.constdata)
    Region$$Table$$Base                      0x0800e884   Number         0  anon$$obj.o(Region$$Table)
    Region$$Table$$Limit                     0x0800e8a4   Number         0  anon$$obj.o(Region$$Table)
    frame_1000count                          0x20000000   Data           2  main.o(.data)
    frame_500count                           0x20000002   Data           2  main.o(.data)
    frame_100count                           0x20000004   Data           2  main.o(.data)
    speed                                    0x20000006   Data           2  main.o(.data)
    send_usart                               0x20000008   Data           2  main.o(.data)
    y_angle                                  0x2000000c   Data           4  main.o(.data)
    y_speed                                  0x20000010   Data           4  main.o(.data)
    frame_1000Hz                             0x20000014   Data           1  stm32f4xx_it.o(.data)
    frame_500Hz                              0x20000015   Data           1  stm32f4xx_it.o(.data)
    frame_100Hz                              0x20000016   Data           1  stm32f4xx_it.o(.data)
    frame_50Hz                               0x20000017   Data           1  stm32f4xx_it.o(.data)
    frame_10Hz                               0x20000018   Data           1  stm32f4xx_it.o(.data)
    FrameCounter                             0x2000001c   Data           4  stm32f4xx_it.o(.data)
    UART8_RXBUFF                             0x20000020   Data           8  stm32f4xx_it.o(.data)
    EXTI1_IT_count                           0x20000028   Data           2  stm32f4xx_it.o(.data)
    EXTI0_IT_count                           0x2000002a   Data           2  stm32f4xx_it.o(.data)
    U2_tx                                    0x2000002c   Data           2  stm32f4xx_it.o(.data)
    IT_Uart1                                 0x2000002e   Data           2  stm32f4xx_it.o(.data)
    IT_Uart2                                 0x20000030   Data           2  stm32f4xx_it.o(.data)
    IT_Uart3                                 0x20000032   Data           2  stm32f4xx_it.o(.data)
    IT_Uart6                                 0x20000034   Data           2  stm32f4xx_it.o(.data)
    IT_Uart7                                 0x20000036   Data           2  stm32f4xx_it.o(.data)
    IT_Uart8                                 0x20000038   Data           2  stm32f4xx_it.o(.data)
    RX_Length                                0x2000003a   Data           2  stm32f4xx_it.o(.data)
    defaultTaskHandle                        0x2000003c   Data           4  freertos.o(.data)
    CM1_Measure                              0x20000040   Data           8  canbustask.o(.data)
    CM2_Measure                              0x20000048   Data           8  canbustask.o(.data)
    CM3_Measure                              0x20000050   Data           8  canbustask.o(.data)
    CM4_Measure                              0x20000058   Data           8  canbustask.o(.data)
    Bullet_Measure                           0x20000060   Data           8  canbustask.o(.data)
    Turntable_Measure                        0x20000068   Data           8  canbustask.o(.data)
    LittleTurntable_Measure                  0x20000070   Data           8  canbustask.o(.data)
    GMLittlePitch_Measure                    0x20000078   Data           8  canbustask.o(.data)
    GMLittleYaw_Measure                      0x20000080   Data           8  canbustask.o(.data)
    LFriR_Measure                            0x20000088   Data           8  canbustask.o(.data)
    LFriL_Measure                            0x20000090   Data           8  canbustask.o(.data)
    FriR_Measure                             0x20000098   Data           8  canbustask.o(.data)
    FriL_Measure                             0x200000a0   Data           8  canbustask.o(.data)
    Set_Gimbal_Count                         0x200000a8   Data           2  canbustask.o(.data)
    Master_Yaw_Send                          0x200000aa   Data           2  canbustask.o(.data)
    Master_Pitch_Send                        0x200000ac   Data           2  canbustask.o(.data)
    testlen                                  0x200000ae   Data           2  canbustask.o(.data)
    DBUSFrameRate                            0x200000b0   Data           2  supervisetask.o(.data)
    DBUSFrameCounter                         0x200000b2   Data           2  supervisetask.o(.data)
    ChassisFrameRate                         0x200000b4   Data           8  supervisetask.o(.data)
    ChassisFrameCounter                      0x200000bc   Data           8  supervisetask.o(.data)
    PitchFrameRate                           0x200000c4   Data           2  supervisetask.o(.data)
    PitchFrameCounter                        0x200000c6   Data           2  supervisetask.o(.data)
    YawFrameRate                             0x200000c8   Data           2  supervisetask.o(.data)
    YawFrameCounter                          0x200000ca   Data           2  supervisetask.o(.data)
    TurntableFrameRate                       0x200000cc   Data           2  supervisetask.o(.data)
    TurntableFrameCounter                    0x200000ce   Data           2  supervisetask.o(.data)
    IMUFrameRate                             0x200000d0   Data           2  supervisetask.o(.data)
    IMUFrameCounter                          0x200000d2   Data           2  supervisetask.o(.data)
    UART2FrameRate                           0x200000d4   Data           2  supervisetask.o(.data)
    UART2FrameCounter                        0x200000d6   Data           2  supervisetask.o(.data)
    CAN_Send1_FrameRate                      0x200000d8   Data           2  supervisetask.o(.data)
    CAN_Send1_FrameCounter                   0x200000da   Data           2  supervisetask.o(.data)
    CAN_Send2_FrameRate                      0x200000dc   Data           2  supervisetask.o(.data)
    CAN_Send2_FrameCounter                   0x200000de   Data           2  supervisetask.o(.data)
    CAN_Res_FrameRate                        0x200000e0   Data           2  supervisetask.o(.data)
    CAN_Res_FrameCounter                     0x200000e2   Data           2  supervisetask.o(.data)
    JudgeFrameRate                           0x200000e4   Data           2  supervisetask.o(.data)
    JudgeFrameCounter                        0x200000e6   Data           2  supervisetask.o(.data)
    MiniPCFrameRate                          0x200000e8   Data           2  supervisetask.o(.data)
    MiniPCFrameCounter                       0x200000ea   Data           2  supervisetask.o(.data)
    IMU_Out_FrameRate                        0x200000ec   Data           2  supervisetask.o(.data)
    IMU_Out_FrameCounter                     0x200000ee   Data           2  supervisetask.o(.data)
    can1_res                                 0x200000f0   Data           2  supervisetask.o(.data)
    time_task_ms                             0x200000f8   Data           4  controltask.o(.data)
    app_param_calied_flag                    0x20000104   Data           1  iotask.o(.data)
    Gimbal_Cali_Success                      0x20000105   Data           1  iotask.o(.data)
    CaliCmdFlagGrp                           0x20000108   Data           4  iotask.o(.data)
    Key_count                                0x2000010c   Data           2  iotask.o(.data)
    CMRotatePID                              0x2000013c   Data          84  driver_chassis.o(.data)
    CM1SpeedPID                              0x20000190   Data          84  driver_chassis.o(.data)
    CM2SpeedPID                              0x200001e4   Data          84  driver_chassis.o(.data)
    CM3SpeedPID                              0x20000238   Data          84  driver_chassis.o(.data)
    CM4SpeedPID                              0x2000028c   Data          84  driver_chassis.o(.data)
    LRSpeedRamp                              0x200002e0   Data          36  driver_chassis.o(.data)
    FBSpeedRamp                              0x20000304   Data          36  driver_chassis.o(.data)
    MBSpeedRamp                              0x20000328   Data          36  driver_chassis.o(.data)
    a                                        0x2000034c   Data           4  driver_chassis.o(.data)
    InputMode                                0x20000368   Data           1  statusmachine.o(.data)
    WorkState                                0x20000369   Data           1  statusmachine.o(.data)
    lastWorkstate                            0x2000036a   Data           1  statusmachine.o(.data)
    Attack_Mode                              0x2000036b   Data           1  statusmachine.o(.data)
    GM_CM_Mode                               0x2000036c   Data           1  statusmachine.o(.data)
    Gimbal_MoveMode                          0x2000036d   Data           1  statusmachine.o(.data)
    Little_Gimbal_MoveMode                   0x2000036e   Data           1  statusmachine.o(.data)
    Chassis_MoveMode                         0x2000036f   Data           1  statusmachine.o(.data)
    ShootState                               0x20000370   Data           1  statusmachine.o(.data)
    friction_wheel_state                     0x20000371   Data           1  statusmachine.o(.data)
    wait_time                                0x20000372   Data           2  statusmachine.o(.data)
    GMPitchRamp                              0x20000384   Data          36  driver_gimbal.o(.data)
    GMYawRamp                                0x200003a8   Data          36  driver_gimbal.o(.data)
    GMPPositionPID                           0x200003cc   Data          84  driver_gimbal.o(.data)
    GMPSpeedPID                              0x20000420   Data          84  driver_gimbal.o(.data)
    GMYPositionPID                           0x20000474   Data          84  driver_gimbal.o(.data)
    GMYSpeedPID                              0x200004c8   Data          84  driver_gimbal.o(.data)
    GimbalGet                                0x2000051c   Data           8  driver_gimbal.o(.data)
    GimbalRef                                0x20000524   Data           8  driver_gimbal.o(.data)
    pitch_set                                0x2000052c   Data           4  driver_gimbal.o(.data)
    yaw_set                                  0x20000530   Data           4  driver_gimbal.o(.data)
    test_yangle                              0x20000534   Data           2  driver_gimbal.o(.data)
    temp_yangle                              0x20000536   Data           2  driver_gimbal.o(.data)
    limit_flag                               0x20000538   Data           1  driver_gimbal.o(.data)
    limit_counter                            0x20000539   Data           1  driver_gimbal.o(.data)
    limitoffset                              0x2000053c   Data           4  driver_gimbal.o(.data)
    open_time                                0x20000540   Data           4  driver_gimbal.o(.data)
    test1                                    0x20000544   Data           2  driver_gimbal.o(.data)
    RC_Update_Flag                           0x20000564   Data           1  remote.o(.data)
    get_RC                                   0x20000565   Data           1  remote.o(.data)
    ShootMotorSpeedPID                       0x2000056c   Data          84  driver_frimotor.o(.data)
    ShootMotorPositionPID                    0x200005c0   Data          84  driver_frimotor.o(.data)
    BulletTurntableSpeedPID                  0x20000614   Data          84  driver_frimotor.o(.data)
    BulletTurntablePositionPID               0x20000668   Data          84  driver_frimotor.o(.data)
    FriMotorRightPID                         0x200006bc   Data          84  driver_frimotor.o(.data)
    FriMotorLeftPID                          0x20000710   Data          84  driver_frimotor.o(.data)
    FriMotorRamp                             0x20000764   Data          36  driver_frimotor.o(.data)
    Turntable_ref                            0x20000788   Data           8  driver_frimotor.o(.data)
    BulletTurntable_ref                      0x20000790   Data           8  driver_frimotor.o(.data)
    frimotor_speed                           0x20000798   Data           2  driver_frimotor.o(.data)
    turntable_angle                          0x2000079a   Data           2  driver_frimotor.o(.data)
    EGG_HOME_State                           0x2000079c   Data           1  driver_frimotor.o(.data)
    sp                                       0x2000079e   Data           2  driver_frimotor.o(.data)
    BulletNumber                             0x200007a4   Data           1  driver_frimotor.o(.data)
    Block_TimeStamp                          0x200007a8   Data           4  driver_frimotor.o(.data)
    BulletBlock_State                        0x200007ac   Data           1  driver_frimotor.o(.data)
    ii                                       0x200007b4   Data           4  driver_frimotor.o(.data)
    BulletBlock_TimeStamp                    0x200007b8   Data           4  driver_frimotor.o(.data)
    BulletBlock_up_State                     0x200007bc   Data           1  driver_frimotor.o(.data)
    pass_flag                                0x200007bd   Data           1  driver_frimotor.o(.data)
    ShootNumber                              0x200007c0   Data           4  driver_frimotor.o(.data)
    Turntable_Angle                          0x200007c4   Data           4  driver_frimotor.o(.data)
    shootdouble                              0x200007c8   Data           1  driver_frimotor.o(.data)
    shootnum                                 0x200007c9   Data           1  driver_frimotor.o(.data)
    turn_flag                                0x200007ca   Data           1  driver_frimotor.o(.data)
    PID_Flag                                 0x200007f4   Data           4  driver_protocol.o(.data)
    system_microsecond                       0x200007f8   Data           4  driver_protocol.o(.data)
    get_labview                              0x200007fe   Data           2  driver_protocol.o(.data)
    Protocol_len                             0x20000800   Data           2  driver_protocol.o(.data)
    Pro_count                                0x20000802   Data           2  driver_protocol.o(.data)
    Yaw_Send                                 0x2000080a   Data           2  driver_minifold.o(.data)
    Pitch_Send                               0x2000080c   Data           2  driver_minifold.o(.data)
    SendP_count                              0x2000080e   Data           2  dm9015.o(.data)
    OP_ChassisCurrent                        0x20000814   Data           4  driver_currentmeasure.o(.data)
    OP_ADCFilter_Value                       0x20000818   Data           4  driver_currentmeasure.o(.data)
    Real_Shootnum                            0x2000081c   Data           2  driver_judge.o(.data)
    CRC_INIT                                 0x2000081e   Data           2  driver_judge.o(.data)
    HP_Used                                  0x20000820   Data           1  driver_judge.o(.data)
    Judge_Shoot_Num                          0x20000821   Data           1  driver_judge.o(.data)
    CmdID                                    0x20000822   Data           2  driver_judge.o(.data)
    BIG_shoot                                0x20000824   Data           1  driver_levellimit.o(.data)
    LITTLE_shoot                             0x20000825   Data           1  driver_levellimit.o(.data)
    BIG_shoot2                               0x20000826   Data           1  driver_levellimit.o(.data)
    Heat_PID                                 0x20000828   Data          84  imu.o(.data)
    exInt                                    0x2000087c   Data           4  imu.o(.data)
    eyInt                                    0x20000880   Data           4  imu.o(.data)
    ezInt                                    0x20000884   Data           4  imu.o(.data)
    q0                                       0x20000888   Data           4  imu.o(.data)
    q1                                       0x2000088c   Data           4  imu.o(.data)
    q2                                       0x20000890   Data           4  imu.o(.data)
    q3                                       0x20000894   Data           4  imu.o(.data)
    lastUpdate                               0x200008bc   Data           4  imu.o(.data)
    now                                      0x200008c0   Data           4  imu.o(.data)
    yaw_temp                                 0x200008c4   Data           4  imu.o(.data)
    pitch_temp                               0x200008c8   Data           4  imu.o(.data)
    roll_temp                                0x200008cc   Data           4  imu.o(.data)
    last_yaw_temp                            0x200008d0   Data           4  imu.o(.data)
    last_pitch_temp                          0x200008d4   Data           4  imu.o(.data)
    last_roll_temp                           0x200008d8   Data           4  imu.o(.data)
    yaw_angle                                0x200008dc   Data           4  imu.o(.data)
    pitch_angle                              0x200008e0   Data           4  imu.o(.data)
    roll_angle                               0x200008e4   Data           4  imu.o(.data)
    heat_add                                 0x200008ec   Data           4  imu.o(.data)
    MPU_id                                   0x200008f4   Data           1  test_imu.o(.data)
    isMPU6050_is_DRY                         0x200008f5   Data           1  test_imu.o(.data)
    get_date_count                           0x200008f6   Data           1  test_imu.o(.data)
    MPU_count                                0x200008f7   Data           1  test_imu.o(.data)
    Gyro_Yaw_out                             0x2000090c   Data           4  imu_out.o(.data)
    Gyro_Pitch_out                           0x20000910   Data           4  imu_out.o(.data)
    Gyro_Roll_out                            0x20000914   Data           4  imu_out.o(.data)
    yaw_angle_out                            0x20000918   Data           4  imu_out.o(.data)
    pitch_angle_out                          0x2000091c   Data           4  imu_out.o(.data)
    roll_angle_out                           0x20000920   Data           4  imu_out.o(.data)
    pxCurrentTCB                             0x20000948   Data           4  tasks.o(.data)
    SystemCoreClock                          0x20000984   Data           4  system_stm32f4xx.o(.data)
    uwTick                                   0x20000988   Data           4  stm32f4xx_hal.o(.data)
    UART1_RXBUFF                             0x20000990   Data         100  stm32f4xx_it.o(.bss)
    UART2_RXBUFF                             0x200009f4   Data          80  stm32f4xx_it.o(.bss)
    UART3_RXBUFF                             0x20000a44   Data         200  stm32f4xx_it.o(.bss)
    UART6_RXBUFF                             0x20000b0c   Data          30  stm32f4xx_it.o(.bss)
    UART7_RXBUFF                             0x20000b2a   Data          90  stm32f4xx_it.o(.bss)
    GMYawEncoder                             0x20000b84   Data          72  canbustask.o(.bss)
    GMPitchEncoder                           0x20000bcc   Data          72  canbustask.o(.bss)
    TurntableEncoder                         0x20000c14   Data          72  canbustask.o(.bss)
    BulletEncoder                            0x20000c5c   Data          72  canbustask.o(.bss)
    gAppParamStruct                          0x20000ca4   Data         138  iotask.o(.bss)
    AppParamRealUsed                         0x20000d2e   Data         138  iotask.o(.bss)
    PIDCaliData                              0x20000db8   Data         138  iotask.o(.bss)
    ChassisData                              0x20000e50   Data          20  driver_chassis.o(.bss)
    switch1                                  0x20000e64   Data         157  statusmachine.o(.bss)
    switch2                                  0x20000f01   Data         157  statusmachine.o(.bss)
    RC_CtrlData                              0x20000f9e   Data          22  remote.o(.bss)
    Que_Protocol                             0x20000fb4   Data         504  driver_protocol.o(.bss)
    frame_temp                               0x20001236   Data          50  driver_protocol.o(.bss)
    Protocol_Send                            0x20001268   Data         300  driver_protocol.o(.bss)
    Que_MiniPC_Tx                            0x20001394   Data         504  driver_minifold.o(.bss)
    MiniPC_Data                              0x2000158c   Data          20  driver_minifold.o(.bss)
    Que_Mainifold                            0x200015a0   Data         504  driver_minifold.o(.bss)
    Que_DMfold                               0x2000187e   Data         504  dm9015.o(.bss)
    Que_DM_Tx                                0x20001a76   Data         504  dm9015.o(.bss)
    DM_DMA_BUFF                              0x20001c8c   Data         200  dm9015.o(.bss)
    JudgingInfo                              0x20001dcc   Data          38  driver_judge.o(.bss)
    huart1                                   0x20001df4   Data          64  usart.o(.bss)
    huart2                                   0x20001e34   Data          64  usart.o(.bss)
    huart3                                   0x20001e74   Data          64  usart.o(.bss)
    huart6                                   0x20001eb4   Data          64  usart.o(.bss)
    huart7                                   0x20001ef4   Data          64  usart.o(.bss)
    huart8                                   0x20001f34   Data          64  usart.o(.bss)
    hcan1                                    0x20001f74   Data          68  can.o(.bss)
    hcan2                                    0x20001fb8   Data          68  can.o(.bss)
    hdma_usart1_rx                           0x2000207c   Data          96  dma.o(.bss)
    hdma_usart2_rx                           0x200020dc   Data          96  dma.o(.bss)
    hdma_usart2_tx                           0x2000213c   Data          96  dma.o(.bss)
    hdma_usart3_tx                           0x2000219c   Data          96  dma.o(.bss)
    hdma_usart3_rx                           0x200021fc   Data          96  dma.o(.bss)
    hdma_usart6_rx                           0x2000225c   Data          96  dma.o(.bss)
    hdma_uart7_tx                            0x200022bc   Data          96  dma.o(.bss)
    hdma_uart7_rx                            0x2000231c   Data          96  dma.o(.bss)
    hdma_uart8_rx                            0x2000237c   Data          96  dma.o(.bss)
    hdma_uart8_tx                            0x200023dc   Data          96  dma.o(.bss)
    hspi5                                    0x2000243c   Data          88  spi.o(.bss)
    htim2                                    0x20002494   Data          60  tim.o(.bss)
    htim3                                    0x200024d0   Data          60  tim.o(.bss)
    htim5                                    0x2000250c   Data          60  tim.o(.bss)
    htim6                                    0x20002548   Data          60  tim.o(.bss)
    htim12                                   0x20002584   Data          60  tim.o(.bss)
    Que_JudgeFrame                           0x200025c0   Data         504  data.o(.bss)
    Que_USART2_Tx                            0x200027b8   Data         504  data.o(.bss)
    Que_CAN1_Tx                              0x200029b0   Data         564  data.o(.bss)
    Que_CAN2_Tx                              0x20002be4   Data         564  data.o(.bss)
    hadc1                                    0x20002e18   Data          72  adc.o(.bss)
    hi2c1                                    0x20002e60   Data          84  i2c.o(.bss)
    hi2c2                                    0x20002eb4   Data          84  i2c.o(.bss)
    mygetqval                                0x20002f08   Data          36  imu.o(.bss)
    angle                                    0x20002f3c   Data          12  imu.o(.bss)
    MagMaxMinData                            0x20002f48   Data          12  test_imu.o(.bss)
    MPU6050_Raw_Data                         0x20002f54   Data          20  test_imu.o(.bss)
    MPU6050_Real_Data                        0x20002f68   Data          40  test_imu.o(.bss)
    MPU6050_FIFO                             0x20002f90   Data         132  test_imu.o(.bss)
    imu_data                                 0x20003014   Data          20  test_imu.o(.bss)
    imu_data_offest                          0x20003028   Data          20  test_imu.o(.bss)
    pFlash                                   0x20006d2c   Data          32  stm32f4xx_hal_flash.o(.bss)
    __initial_sp                             0x20007150   Data           0  startup_stm32f427xx.o(STACK)



==============================================================================

Memory Map of the image

  Image Entry point : 0x080001ad

  Load Region LR_IROM1 (Base: 0x08000000, Size: 0x0000f234, Max: 0x00200000, ABSOLUTE, COMPRESSED[0x0000e9c4])

    Execution Region ER_IROM1 (Base: 0x08000000, Size: 0x0000e8a4, Max: 0x00200000, ABSOLUTE)

    Base Addr    Size         Type   Attr      Idx    E Section Name        Object

    0x08000000   0x000001ac   Data   RO         3838    RESET               startup_stm32f427xx.o
    0x080001ac   0x00000000   Code   RO         7504  * .ARM.Collect$$$$00000000  mc_w.l(entry.o)
    0x080001ac   0x00000004   Code   RO         7582    .ARM.Collect$$$$00000001  mc_w.l(entry2.o)
    0x080001b0   0x00000004   Code   RO         7585    .ARM.Collect$$$$00000004  mc_w.l(entry5.o)
    0x080001b4   0x00000000   Code   RO         7587    .ARM.Collect$$$$00000008  mc_w.l(entry7b.o)
    0x080001b4   0x00000000   Code   RO         7589    .ARM.Collect$$$$0000000A  mc_w.l(entry8b.o)
    0x080001b4   0x00000008   Code   RO         7590    .ARM.Collect$$$$0000000B  mc_w.l(entry9a.o)
    0x080001bc   0x00000000   Code   RO         7592    .ARM.Collect$$$$0000000D  mc_w.l(entry10a.o)
    0x080001bc   0x00000000   Code   RO         7594    .ARM.Collect$$$$0000000F  mc_w.l(entry11a.o)
    0x080001bc   0x00000004   Code   RO         7583    .ARM.Collect$$$$00002712  mc_w.l(entry2.o)
    0x080001c0   0x000000ba   Code   RO         3473    .emb_text           port.o
    0x0800027a   0x00000002   PAD
    0x0800027c   0x00000024   Code   RO         3839    .text               startup_stm32f427xx.o
    0x080002a0   0x00000024   Code   RO         7507    .text               mc_w.l(memcpya.o)
    0x080002c4   0x00000024   Code   RO         7509    .text               mc_w.l(memseta.o)
    0x080002e8   0x0000014e   Code   RO         7513    .text               mf_w.l(dadd.o)
    0x08000436   0x000000e4   Code   RO         7515    .text               mf_w.l(dmul.o)
    0x0800051a   0x000000de   Code   RO         7517    .text               mf_w.l(ddiv.o)
    0x080005f8   0x00000022   Code   RO         7521    .text               mf_w.l(dflti.o)
    0x0800061a   0x0000003e   Code   RO         7523    .text               mf_w.l(dfixi.o)
    0x08000658   0x00000026   Code   RO         7527    .text               mf_w.l(f2d.o)
    0x0800067e   0x00000002   PAD
    0x08000680   0x00000030   Code   RO         7529    .text               mf_w.l(cdcmple.o)
    0x080006b0   0x00000030   Code   RO         7531    .text               mf_w.l(cdrcmple.o)
    0x080006e0   0x00000038   Code   RO         7533    .text               mf_w.l(d2f.o)
    0x08000718   0x0000001e   Code   RO         7596    .text               mc_w.l(llshl.o)
    0x08000736   0x00000020   Code   RO         7598    .text               mc_w.l(llushr.o)
    0x08000756   0x00000024   Code   RO         7600    .text               mc_w.l(llsshr.o)
    0x0800077a   0x00000000   Code   RO         7609    .text               mc_w.l(iusefp.o)
    0x0800077a   0x0000006e   Code   RO         7610    .text               mf_w.l(fepilogue.o)
    0x080007e8   0x000000ba   Code   RO         7612    .text               mf_w.l(depilogue.o)
    0x080008a2   0x000000a2   Code   RO         7614    .text               mf_w.l(dsqrt.o)
    0x08000944   0x00000024   Code   RO         7616    .text               mc_w.l(init.o)
    0x08000968   0x0000001a   Code   RO         7618    .text               mf_w.l(dfltui.o)
    0x08000982   0x00000056   Code   RO         7628    .text               mc_w.l(__dczerorl2.o)
    0x080009d8   0x0000008c   Code   RO         1810    i.ADC_Cal_Current   driver_currentmeasure.o
    0x08000a64   0x00000010   Code   RO          266    i.ADC_IRQHandler    stm32f4xx_it.o
    0x08000a74   0x0000016c   Code   RO         7167    i.ADC_Init          stm32f4xx_hal_adc.o
    0x08000be0   0x00000048   Code   RO          770    i.AppParamInit      iotask.o
    0x08000c28   0x0000001c   Code   RO          771    i.AppParamSave      iotask.o
    0x08000c44   0x000000b8   Code   RO          979    i.Attack_Mode_Select  statusmachine.o
    0x08000cfc   0x000000a0   Code   RO         1376    i.BEEP_Task         driver_beep.o
    0x08000d9c   0x000000a0   Code   RO         2312    i.BSP_FLASH_GetFlashSector  flash.o
    0x08000e3c   0x000000c0   Code   RO         2315    i.BSP_FLASH_Write   flash.o
    0x08000efc   0x00000044   Code   RO         1945    i.BSP_Init          bsp_init.o
    0x08000f40   0x000000c4   Code   RO         2014    i.BSP_NVIC_Init     nvic.o
    0x08001004   0x00000090   Code   RO         1279    i.BulletStuck_Check  driver_frimotor.o
    0x08001094   0x000000ac   Code   RO         1280    i.BulletStuck_Check_up  driver_frimotor.o
    0x08001140   0x00000044   Code   RO         1281    i.Bullter_Single    driver_frimotor.o
    0x08001184   0x00000004   Code   RO          267    i.BusFault_Handler  stm32f4xx_it.o
    0x08001188   0x00000010   Code   RO          268    i.CAN1_RX0_IRQHandler  stm32f4xx_it.o
    0x08001198   0x0000002c   Code   RO          269    i.CAN1_TX_IRQHandler  stm32f4xx_it.o
    0x080011c4   0x00000010   Code   RO          270    i.CAN2_RX0_IRQHandler  stm32f4xx_it.o
    0x080011d4   0x0000002c   Code   RO          271    i.CAN2_TX_IRQHandler  stm32f4xx_it.o
    0x08001200   0x000001c2   Code   RO         6084    i.CAN_Receive_IT    stm32f4xx_hal_can.o
    0x080013c2   0x00000062   Code   RO         6085    i.CAN_Transmit_IT   stm32f4xx_hal_can.o
    0x08001424   0x00000014   Code   RO          902    i.CMControlLoop     driver_chassis.o
    0x08001438   0x00000140   Code   RO          904    i.CM_PID_Cal        driver_chassis.o
    0x08001578   0x0000009c   Code   RO          905    i.CM_SetOutput      driver_chassis.o
    0x08001614   0x00000408   Code   RO          906    i.CalculateWheelSpeed  driver_chassis.o
    0x08001a1c   0x00000128   Code   RO          772    i.CaliLoop          iotask.o
    0x08001b44   0x000000c8   Code   RO          554    i.CanReceiveMsgProcess  canbustask.o
    0x08001c0c   0x0000009c   Code   RO          555    i.CanReceiveMsgProcess_2  canbustask.o
    0x08001ca8   0x00000060   Code   RO          980    i.ChassisModeSelect  statusmachine.o
    0x08001d08   0x000000bc   Code   RO          706    i.ControlLoopTaskInit  controltask.o
    0x08001dc4   0x00000048   Code   RO          707    i.Control_Task      controltask.o
    0x08001e0c   0x00000010   Code   RO          272    i.DMA1_Stream1_IRQHandler  stm32f4xx_it.o
    0x08001e1c   0x00000010   Code   RO          273    i.DMA1_Stream5_IRQHandler  stm32f4xx_it.o
    0x08001e2c   0x0000001c   Code   RO          274    i.DMA1_Stream6_IRQHandler  stm32f4xx_it.o
    0x08001e48   0x00000010   Code   RO          275    i.DMA2_Stream1_IRQHandler  stm32f4xx_it.o
    0x08001e58   0x00000010   Code   RO          276    i.DMA2_Stream2_IRQHandler  stm32f4xx_it.o
    0x08001e68   0x00000034   Code   RO         5596    i.DMA_CalcBaseAndBitshift  stm32f4xx_hal_dma.o
    0x08001e9c   0x000000aa   Code   RO         5597    i.DMA_CheckFifoParam  stm32f4xx_hal_dma.o
    0x08001f46   0x0000002c   Code   RO         5598    i.DMA_SetConfig     stm32f4xx_hal_dma.o
    0x08001f72   0x00000002   PAD
    0x08001f74   0x000000fc   Code   RO         1744    i.DM_EncoderProcess  dm9015.o
    0x08002070   0x0000009c   Code   RO         1748    i.DM_SendPower      dm9015.o
    0x0800210c   0x00000090   Code   RO         1749    i.DMfold_Res_Task   dm9015.o
    0x0800219c   0x00000044   Code   RO         1459    i.Data_Event        driver_protocol.o
    0x080021e0   0x000002b4   Code   RO         1460    i.Data_Receive_Anl  driver_protocol.o
    0x08002494   0x00000078   Code   RO         1461    i.Dataframe_Process  driver_protocol.o
    0x0800250c   0x00000002   Code   RO          277    i.DebugMon_Handler  stm32f4xx_it.o
    0x0800250e   0x00000002   PAD
    0x08002510   0x00000018   Code   RO          278    i.EXTI0_IRQHandler  stm32f4xx_it.o
    0x08002528   0x0000001c   Code   RO          279    i.EXTI9_5_IRQHandler  stm32f4xx_it.o
    0x08002544   0x000000d0   Code   RO          557    i.EncoderProcess    canbustask.o
    0x08002614   0x0000006c   Code   RO         6214    i.FLASH_Erase_Sector  stm32f4xx_hal_flash_ex.o
    0x08002680   0x00000024   Code   RO         5478    i.FLASH_Program_Byte  stm32f4xx_hal_flash.o
    0x080026a4   0x0000002c   Code   RO         5479    i.FLASH_Program_DoubleWord  stm32f4xx_hal_flash.o
    0x080026d0   0x00000028   Code   RO         5480    i.FLASH_Program_HalfWord  stm32f4xx_hal_flash.o
    0x080026f8   0x00000028   Code   RO         5481    i.FLASH_Program_Word  stm32f4xx_hal_flash.o
    0x08002720   0x000000b4   Code   RO         5482    i.FLASH_SetErrorCode  stm32f4xx_hal_flash.o
    0x080027d4   0x00000064   Code   RO         5483    i.FLASH_WaitForLastOperation  stm32f4xx_hal_flash.o
    0x08002838   0x000000e8   Code   RO         1283    i.FriMotor_Control  driver_frimotor.o
    0x08002920   0x000000d8   Code   RO          981    i.FriMotor_Select   statusmachine.o
    0x080029f8   0x000000c0   Code   RO         1141    i.GMCalLoop         driver_gimbal.o
    0x08002ab8   0x00000014   Code   RO         1142    i.GMControlLoop     driver_gimbal.o
    0x08002acc   0x0000000c   Code   RO          982    i.GetChassis_MoveMode  statusmachine.o
    0x08002ad8   0x0000000c   Code   RO          983    i.GetFrictionState  statusmachine.o
    0x08002ae4   0x0000000c   Code   RO          984    i.GetGM_CM_Mode     statusmachine.o
    0x08002af0   0x0000000c   Code   RO          985    i.GetGimbal_MoveMode  statusmachine.o
    0x08002afc   0x0000000c   Code   RO          986    i.GetInputMode      statusmachine.o
    0x08002b08   0x0000013c   Code   RO         2535    i.GetPitchYawGxGyGz  imu.o
    0x08002c44   0x0000009c   Code   RO         1237    i.GetRemoteSwitchAction  remote.o
    0x08002ce0   0x0000000c   Code   RO          987    i.GetShootState     statusmachine.o
    0x08002cec   0x0000000c   Code   RO          988    i.GetWorkState      statusmachine.o
    0x08002cf8   0x0000004c   Code   RO          558    i.Get_Assist        canbustask.o
    0x08002d44   0x0000000c   Code   RO          989    i.Get_AttackMode    statusmachine.o
    0x08002d50   0x00000040   Code   RO         1850    i.Get_CRC16_Check_Sum  driver_judge.o
    0x08002d90   0x00000030   Code   RO         1851    i.Get_CRC8_Check_Sum  driver_judge.o
    0x08002dc0   0x00000008   Code   RO         2225    i.Get_Time_Micros   tim.o
    0x08002dc8   0x0000008c   Code   RO          774    i.GimbalCaliProcess  iotask.o
    0x08002e54   0x00000140   Code   RO         1143    i.GimbalGetRef      driver_gimbal.o
    0x08002f94   0x0000006c   Code   RO          990    i.GimbalModeSelect  statusmachine.o
    0x08003000   0x00000024   Code   RO         1145    i.Gimbal_PitchAngleSet  driver_gimbal.o
    0x08003024   0x00000048   Code   RO         1146    i.Gimbal_YawAngleSet  driver_gimbal.o
    0x0800306c   0x00000110   Code   RO          775    i.GyroCaliProcess   iotask.o
    0x0800317c   0x00000002   Code   RO         7338    i.HAL_ADCEx_InjectedConvCpltCallback  stm32f4xx_hal_adc_ex.o
    0x0800317e   0x00000002   PAD
    0x08003180   0x00000194   Code   RO         7169    i.HAL_ADC_ConfigChannel  stm32f4xx_hal_adc.o
    0x08003314   0x0000001c   Code   RO          280    i.HAL_ADC_ConvCpltCallback  stm32f4xx_it.o
    0x08003330   0x00000002   Code   RO         7173    i.HAL_ADC_ErrorCallback  stm32f4xx_hal_adc.o
    0x08003332   0x00000008   Code   RO         7176    i.HAL_ADC_GetValue  stm32f4xx_hal_adc.o
    0x0800333a   0x00000174   Code   RO         7177    i.HAL_ADC_IRQHandler  stm32f4xx_hal_adc.o
    0x080034ae   0x00000002   PAD
    0x080034b0   0x00000068   Code   RO         7178    i.HAL_ADC_Init      stm32f4xx_hal_adc.o
    0x08003518   0x00000002   Code   RO         7179    i.HAL_ADC_LevelOutOfWindowCallback  stm32f4xx_hal_adc.o
    0x0800351a   0x00000002   PAD
    0x0800351c   0x00000054   Code   RO         2433    i.HAL_ADC_MspInit   adc.o
    0x08003570   0x00000108   Code   RO         6086    i.HAL_CAN_ConfigFilter  stm32f4xx_hal_can.o
    0x08003678   0x00000002   Code   RO         6088    i.HAL_CAN_ErrorCallback  stm32f4xx_hal_can.o
    0x0800367a   0x00000002   PAD
    0x0800367c   0x00000264   Code   RO         6091    i.HAL_CAN_IRQHandler  stm32f4xx_hal_can.o
    0x080038e0   0x000001bc   Code   RO         6092    i.HAL_CAN_Init      stm32f4xx_hal_can.o
    0x08003a9c   0x000000c8   Code   RO         2112    i.HAL_CAN_MspInit   can.o
    0x08003b64   0x000000fc   Code   RO         6096    i.HAL_CAN_Receive_IT  stm32f4xx_hal_can.o
    0x08003c60   0x00000058   Code   RO          281    i.HAL_CAN_RxCpltCallback  stm32f4xx_it.o
    0x08003cb8   0x000001f6   Code   RO         6100    i.HAL_CAN_Transmit_IT  stm32f4xx_hal_can.o
    0x08003eae   0x00000002   Code   RO         6101    i.HAL_CAN_TxCpltCallback  stm32f4xx_hal_can.o
    0x08003eb0   0x000000aa   Code   RO         5599    i.HAL_DMA_Abort     stm32f4xx_hal_dma.o
    0x08003f5a   0x00000028   Code   RO         5600    i.HAL_DMA_Abort_IT  stm32f4xx_hal_dma.o
    0x08003f82   0x00000002   PAD
    0x08003f84   0x00000248   Code   RO         5604    i.HAL_DMA_IRQHandler  stm32f4xx_hal_dma.o
    0x080041cc   0x000000ec   Code   RO         5605    i.HAL_DMA_Init      stm32f4xx_hal_dma.o
    0x080042b8   0x0000009e   Code   RO         5609    i.HAL_DMA_Start_IT  stm32f4xx_hal_dma.o
    0x08004356   0x0000001e   Code   RO         4239    i.HAL_Delay         stm32f4xx_hal.o
    0x08004374   0x00000014   Code   RO         5487    i.HAL_FLASH_Lock    stm32f4xx_hal_flash.o
    0x08004388   0x00000098   Code   RO         5492    i.HAL_FLASH_Program  stm32f4xx_hal_flash.o
    0x08004420   0x0000002c   Code   RO         5494    i.HAL_FLASH_Unlock  stm32f4xx_hal_flash.o
    0x0800444c   0x0000001c   Code   RO          282    i.HAL_GPIO_EXTI_Callback  stm32f4xx_it.o
    0x08004468   0x0000001c   Code   RO         5414    i.HAL_GPIO_EXTI_IRQHandler  stm32f4xx_hal_gpio.o
    0x08004484   0x0000021c   Code   RO         5415    i.HAL_GPIO_Init     stm32f4xx_hal_gpio.o
    0x080046a0   0x00000010   Code   RO         5417    i.HAL_GPIO_ReadPin  stm32f4xx_hal_gpio.o
    0x080046b0   0x00000008   Code   RO         5418    i.HAL_GPIO_TogglePin  stm32f4xx_hal_gpio.o
    0x080046b8   0x0000000c   Code   RO         5419    i.HAL_GPIO_WritePin  stm32f4xx_hal_gpio.o
    0x080046c4   0x0000000c   Code   RO         4247    i.HAL_GetTick       stm32f4xx_hal.o
    0x080046d0   0x000000f0   Code   RO         6720    i.HAL_I2C_Master_Receive_IT  stm32f4xx_hal_i2c.o
    0x080047c0   0x00000010   Code   RO         4249    i.HAL_IncTick       stm32f4xx_hal.o
    0x080047d0   0x0000003c   Code   RO         4250    i.HAL_Init          stm32f4xx_hal.o
    0x0800480c   0x00000028   Code   RO         4251    i.HAL_InitTick      stm32f4xx_hal.o
    0x08004834   0x00000056   Code   RO          483    i.HAL_MspInit       stm32f4xx_hal_msp.o
    0x0800488a   0x0000001a   Code   RO         4636    i.HAL_NVIC_EnableIRQ  stm32f4xx_hal_cortex.o
    0x080048a4   0x0000007c   Code   RO         4642    i.HAL_NVIC_SetPriority  stm32f4xx_hal_cortex.o
    0x08004920   0x00000028   Code   RO         4643    i.HAL_NVIC_SetPriorityGrouping  stm32f4xx_hal_cortex.o
    0x08004948   0x000001d0   Code   RO         5744    i.HAL_RCC_ClockConfig  stm32f4xx_hal_rcc.o
    0x08004b18   0x0000000c   Code   RO         5749    i.HAL_RCC_GetHCLKFreq  stm32f4xx_hal_rcc.o
    0x08004b24   0x0000002c   Code   RO         5751    i.HAL_RCC_GetPCLK1Freq  stm32f4xx_hal_rcc.o
    0x08004b50   0x0000002c   Code   RO         5752    i.HAL_RCC_GetPCLK2Freq  stm32f4xx_hal_rcc.o
    0x08004b7c   0x000000b4   Code   RO         5753    i.HAL_RCC_GetSysClockFreq  stm32f4xx_hal_rcc.o
    0x08004c30   0x0000044c   Code   RO         5756    i.HAL_RCC_OscConfig  stm32f4xx_hal_rcc.o
    0x0800507c   0x000000a0   Code   RO         6375    i.HAL_SPI_Init      stm32f4xx_hal_spi.o
    0x0800511c   0x0000005c   Code   RO         2187    i.HAL_SPI_MspInit   spi.o
    0x08005178   0x000002cc   Code   RO         6384    i.HAL_SPI_TransmitReceive  stm32f4xx_hal_spi.o
    0x08005444   0x00000028   Code   RO         4645    i.HAL_SYSTICK_CLKSourceConfig  stm32f4xx_hal_cortex.o
    0x0800546c   0x00000034   Code   RO         4647    i.HAL_SYSTICK_Config  stm32f4xx_hal_cortex.o
    0x080054a0   0x00000002   Code   RO         5845    i.HAL_TIMEx_BreakCallback  stm32f4xx_hal_tim_ex.o
    0x080054a2   0x00000002   Code   RO         5846    i.HAL_TIMEx_CommutationCallback  stm32f4xx_hal_tim_ex.o
    0x080054a4   0x00000062   Code   RO         5862    i.HAL_TIMEx_MasterConfigSynchronization  stm32f4xx_hal_tim_ex.o
    0x08005506   0x00000034   Code   RO         4773    i.HAL_TIM_Base_Init  stm32f4xx_hal_tim.o
    0x0800553a   0x00000002   PAD
    0x0800553c   0x00000084   Code   RO         2227    i.HAL_TIM_Base_MspInit  tim.o
    0x080055c0   0x0000001e   Code   RO         4776    i.HAL_TIM_Base_Start  stm32f4xx_hal_tim.o
    0x080055de   0x0000001e   Code   RO         4778    i.HAL_TIM_Base_Start_IT  stm32f4xx_hal_tim.o
    0x080055fc   0x00000002   Code   RO         4802    i.HAL_TIM_IC_CaptureCallback  stm32f4xx_hal_tim.o
    0x080055fe   0x00000196   Code   RO         4815    i.HAL_TIM_IRQHandler  stm32f4xx_hal_tim.o
    0x08005794   0x000000d8   Code   RO         2228    i.HAL_TIM_MspPostInit  tim.o
    0x0800586c   0x00000002   Code   RO         4818    i.HAL_TIM_OC_DelayElapsedCallback  stm32f4xx_hal_tim.o
    0x0800586e   0x00000108   Code   RO         4839    i.HAL_TIM_PWM_ConfigChannel  stm32f4xx_hal_tim.o
    0x08005976   0x00000034   Code   RO         4842    i.HAL_TIM_PWM_Init  stm32f4xx_hal_tim.o
    0x080059aa   0x00000002   PAD
    0x080059ac   0x000000c4   Code   RO         2230    i.HAL_TIM_PWM_MspInit  tim.o
    0x08005a70   0x00000002   Code   RO         4845    i.HAL_TIM_PWM_PulseFinishedCallback  stm32f4xx_hal_tim.o
    0x08005a72   0x00000002   PAD
    0x08005a74   0x0000004c   Code   RO         4846    i.HAL_TIM_PWM_Start  stm32f4xx_hal_tim.o
    0x08005ac0   0x0000007c   Code   RO          283    i.HAL_TIM_PeriodElapsedCallback  stm32f4xx_it.o
    0x08005b3c   0x00000002   Code   RO         4856    i.HAL_TIM_TriggerCallback  stm32f4xx_hal_tim.o
    0x08005b3e   0x00000050   Code   RO         3911    i.HAL_UART_AbortReceive  stm32f4xx_hal_uart.o
    0x08005b8e   0x00000002   Code   RO         3912    i.HAL_UART_AbortReceiveCpltCallback  stm32f4xx_hal_uart.o
    0x08005b90   0x00000078   Code   RO         3913    i.HAL_UART_AbortReceive_IT  stm32f4xx_hal_uart.o
    0x08005c08   0x00000044   Code   RO         3914    i.HAL_UART_AbortTransmit  stm32f4xx_hal_uart.o
    0x08005c4c   0x00000002   Code   RO         3922    i.HAL_UART_ErrorCallback  stm32f4xx_hal_uart.o
    0x08005c4e   0x00000072   Code   RO         3926    i.HAL_UART_Init     stm32f4xx_hal_uart.o
    0x08005cc0   0x000004c4   Code   RO         2039    i.HAL_UART_MspInit  usart.o
    0x08006184   0x000000de   Code   RO         3929    i.HAL_UART_Receive  stm32f4xx_hal_uart.o
    0x08006262   0x00000002   PAD
    0x08006264   0x000000ac   Code   RO         3930    i.HAL_UART_Receive_DMA  stm32f4xx_hal_uart.o
    0x08006310   0x00000064   Code   RO         3931    i.HAL_UART_Receive_IT  stm32f4xx_hal_uart.o
    0x08006374   0x00000002   Code   RO         3932    i.HAL_UART_RxCpltCallback  stm32f4xx_hal_uart.o
    0x08006376   0x00000002   Code   RO         3933    i.HAL_UART_RxHalfCpltCallback  stm32f4xx_hal_uart.o
    0x08006378   0x000000d6   Code   RO         3934    i.HAL_UART_Transmit  stm32f4xx_hal_uart.o
    0x0800644e   0x00000002   PAD
    0x08006450   0x0000009c   Code   RO         3935    i.HAL_UART_Transmit_DMA  stm32f4xx_hal_uart.o
    0x080064ec   0x00000074   Code   RO          284    i.HAL_UART_TxCpltCallback  stm32f4xx_it.o
    0x08006560   0x00000002   Code   RO         3938    i.HAL_UART_TxHalfCpltCallback  stm32f4xx_hal_uart.o
    0x08006562   0x00000004   Code   RO          285    i.HardFault_Handler  stm32f4xx_it.o
    0x08006566   0x00000002   PAD
    0x08006568   0x000007cc   Code   RO         2536    i.IMU_AHRSupdate    imu.o
    0x08006d34   0x00000110   Code   RO         2615    i.IMU_Get_Data      test_imu.o
    0x08006e44   0x000000a0   Code   RO         2537    i.IMU_PIDTask       imu.o
    0x08006ee4   0x00000014   Code   RO         2538    i.IMU_Task          imu.o
    0x08006ef8   0x0000004c   Code   RO         2539    i.IMU_getQ          imu.o
    0x08006f44   0x00000094   Code   RO         2540    i.IMU_getValues     imu.o
    0x08006fd8   0x0000023c   Code   RO         2541    i.IMU_getYawPitchRoll  imu.o
    0x08007214   0x0000004c   Code   RO          991    i.InputMode_Select  statusmachine.o
    0x08007260   0x00000018   Code   RO          776    i.IsCaliCmdFlagSet  iotask.o
    0x08007278   0x000000c8   Code   RO         1852    i.JudgeReadValue    driver_judge.o
    0x08007340   0x0000006c   Code   RO         1853    i.Judge_Task        driver_judge.o
    0x080073ac   0x000000f4   Code   RO          907    i.Key2Speed         driver_chassis.o
    0x080074a0   0x00000088   Code   RO         1285    i.LASER_Task        driver_frimotor.o
    0x08007528   0x00000020   Code   RO          992    i.LittleGimbalModeSelect  statusmachine.o
    0x08007548   0x00000002   Code   RO         1147    i.Lob_Shot          driver_gimbal.o
    0x0800754a   0x00000002   PAD
    0x0800754c   0x000001f4   Code   RO         2616    i.MPU6050_AverageFilter  test_imu.o
    0x08007740   0x000000cc   Code   RO         2617    i.MPU6050_getMotion6  test_imu.o
    0x0800780c   0x0000006c   Code   RO         2618    i.MPU6500_Init      test_imu.o
    0x08007878   0x00000054   Code   RO         2619    i.MPU6500_Read_Reg  test_imu.o
    0x080078cc   0x00000064   Code   RO         2620    i.MPU6500_Read_Regs  test_imu.o
    0x08007930   0x00000058   Code   RO         2623    i.MPU6500_Write_Reg  test_imu.o
    0x08007988   0x0000007c   Code   RO         2434    i.MX_ADC1_Init      adc.o
    0x08007a04   0x000000a8   Code   RO         2113    i.MX_CAN1_Init      can.o
    0x08007aac   0x000000b4   Code   RO         2114    i.MX_CAN2_Init      can.o
    0x08007b60   0x00000048   Code   RO         2159    i.MX_DMA_Init       dma.o
    0x08007ba8   0x00000028   Code   RO          504    i.MX_FREERTOS_Init  freertos.o
    0x08007bd0   0x00000264   Code   RO         1990    i.MX_GPIO_Init      gpio.o
    0x08007e34   0x0000005c   Code   RO         2188    i.MX_SPI5_Init      spi.o
    0x08007e90   0x00000090   Code   RO         2231    i.MX_TIM12_Init     tim.o
    0x08007f20   0x00000048   Code   RO         2232    i.MX_TIM2_Init      tim.o
    0x08007f68   0x000000ac   Code   RO         2234    i.MX_TIM5_Init      tim.o
    0x08008014   0x00000060   Code   RO         2235    i.MX_TIM6_Init      tim.o
    0x08008074   0x00000068   Code   RO         2041    i.MX_UART8_Init     usart.o
    0x080080dc   0x00000070   Code   RO         2042    i.MX_USART1_UART_Init  usart.o
    0x0800814c   0x00000068   Code   RO         2043    i.MX_USART2_UART_Init  usart.o
    0x080081b4   0x00000068   Code   RO         2044    i.MX_USART3_UART_Init  usart.o
    0x0800821c   0x00000068   Code   RO         2045    i.MX_USART6_UART_Init  usart.o
    0x08008284   0x000000bc   Code   RO         1616    i.Mainifold_Res_Task  driver_minifold.o
    0x08008340   0x00000004   Code   RO          286    i.MemManage_Handler  stm32f4xx_it.o
    0x08008344   0x00000002   Code   RO          287    i.NMI_Handler       stm32f4xx_it.o
    0x08008346   0x00000002   PAD
    0x08008348   0x00000010   Code   RO         4649    i.NVIC_GetPriorityGrouping  stm32f4xx_hal_cortex.o
    0x08008358   0x00000028   Code   RO         4650    i.NVIC_SetPriority  stm32f4xx_hal_cortex.o
    0x08008380   0x0000001c   Code   RO          778    i.PIDCaliProcess    iotask.o
    0x0800839c   0x000000f6   Code   RO          649    i.PID_Calc          pid.o
    0x08008492   0x00000002   PAD
    0x08008494   0x00000120   Code   RO          908    i.PID_Calibration   driver_chassis.o
    0x080085b4   0x00000160   Code   RO         1148    i.PID_Calibration   driver_gimbal.o
    0x08008714   0x00000028   Code   RO          650    i.PID_Reset         pid.o
    0x0800873c   0x00000028   Code   RO          651    i.PID_Task          pid.o
    0x08008764   0x00000520   Code   RO          909    i.Power_Limit_OutputCal  driver_chassis.o
    0x08008c84   0x0000009c   Code   RO         1462    i.Protocol          driver_protocol.o
    0x08008d20   0x00000064   Code   RO         1463    i.Protocol_SendFrame  driver_protocol.o
    0x08008d84   0x0000002a   Code   RO         1414    i.RampCalc          ramp.o
    0x08008dae   0x00000002   Code   RO         1415    i.RampInit          ramp.o
    0x08008db0   0x00000012   Code   RO         1416    i.RampIsOverflow    ramp.o
    0x08008dc2   0x00000006   Code   RO         1417    i.RampResetCounter  ramp.o
    0x08008dc8   0x00000004   Code   RO         1418    i.RampSetCounter    ramp.o
    0x08008dcc   0x00000004   Code   RO         1419    i.RampSetScale      ramp.o
    0x08008dd0   0x00000050   Code   RO         1149    i.Ref_Gimbal_Prepare  driver_gimbal.o
    0x08008e20   0x00000120   Code   RO         1150    i.Ref_UpdataFromMouse  driver_gimbal.o
    0x08008f40   0x0000010c   Code   RO         1151    i.Ref_UpdataFromRCStick  driver_gimbal.o
    0x0800904c   0x000000e0   Code   RO         1238    i.RemoteDataPrcess  remote.o
    0x0800912c   0x00000058   Code   RO         1239    i.RemoteTaskInit    remote.o
    0x08009184   0x00000018   Code   RO         1240    i.Remote_CheckJumpKey  remote.o
    0x0800919c   0x00000010   Code   RO          779    i.ResetCaliCmdFlag  iotask.o
    0x080091ac   0x00000028   Code   RO         6401    i.SPI_CheckFlag_BSY  stm32f4xx_hal_spi.o
    0x080091d4   0x000000aa   Code   RO         6421    i.SPI_WaitFlagStateUntilTimeout  stm32f4xx_hal_spi.o
    0x0800927e   0x00000002   PAD
    0x08009280   0x000000d4   Code   RO         1464    i.Send_CM_PID       driver_protocol.o
    0x08009354   0x00000048   Code   RO         1465    i.Send_Check        driver_protocol.o
    0x0800939c   0x000000d8   Code   RO         1466    i.Send_FrameRate    driver_protocol.o
    0x08009474   0x000000d4   Code   RO         1467    i.Send_GMP_PID      driver_protocol.o
    0x08009548   0x000000d4   Code   RO         1468    i.Send_GMY_PID      driver_protocol.o
    0x0800961c   0x00000002   Code   RO         1470    i.Send_Judge        driver_protocol.o
    0x0800961e   0x00000002   PAD
    0x08009620   0x000000f4   Code   RO         1617    i.Send_MiniPC       driver_minifold.o
    0x08009714   0x000000dc   Code   RO         1472    i.Send_Moto_Rmp     driver_protocol.o
    0x080097f0   0x00000098   Code   RO         1473    i.Send_RC_Data      driver_protocol.o
    0x08009888   0x000000e8   Code   RO         1474    i.Send_R_F_PID      driver_protocol.o
    0x08009970   0x00000274   Code   RO         1475    i.Send_Ref_Fdb      driver_protocol.o
    0x08009be4   0x000000c8   Code   RO         1476    i.Send_Sensor       driver_protocol.o
    0x08009cac   0x000000b0   Code   RO         1477    i.Send_Shoot_PID    driver_protocol.o
    0x08009d5c   0x000000e0   Code   RO         1478    i.Send_Status       driver_protocol.o
    0x08009e3c   0x0000007a   Code   RO         1479    i.Send_StatusMachine  driver_protocol.o
    0x08009eb6   0x00000002   PAD
    0x08009eb8   0x00000030   Code   RO          780    i.Sensor_Offset_Param_Init  iotask.o
    0x08009ee8   0x00000010   Code   RO          781    i.SetCaliCmdFlag    iotask.o
    0x08009ef8   0x00000024   Code   RO          993    i.SetFrictionState  statusmachine.o
    0x08009f1c   0x0000001c   Code   RO          782    i.SetGimbalCaliData  iotask.o
    0x08009f38   0x000000a4   Code   RO         1152    i.SetGimbalMotorOutput  driver_gimbal.o
    0x08009fdc   0x0000001c   Code   RO          783    i.SetGyroCaliData   iotask.o
    0x08009ff8   0x00000068   Code   RO          784    i.SetPIDCaliData    iotask.o
    0x0800a060   0x0000000c   Code   RO          994    i.SetShootState     statusmachine.o
    0x0800a06c   0x0000001c   Code   RO          785    i.SetTurnTableCaliData  iotask.o
    0x0800a088   0x0000000c   Code   RO          995    i.SetWorkState      statusmachine.o
    0x0800a094   0x00000074   Code   RO          559    i.Set_CM_Speed      canbustask.o
    0x0800a108   0x0000009c   Code   RO          560    i.Set_Gimbal_Current  canbustask.o
    0x0800a1a4   0x000000a8   Code   RO          562    i.Set_Little_Gimbal  canbustask.o
    0x0800a24c   0x00000090   Code   RO         1288    i.Shoot_Single      driver_frimotor.o
    0x0800a2dc   0x00000034   Code   RO         1377    i.Sing              driver_beep.o
    0x0800a310   0x00000030   Code   RO         1378    i.Sing_Music        driver_beep.o
    0x0800a340   0x0000000a   Code   RO          505    i.StartDefaultTask  freertos.o
    0x0800a34a   0x00000002   PAD
    0x0800a34c   0x0000004c   Code   RO          996    i.StatusMachine_Init  statusmachine.o
    0x0800a398   0x00000044   Code   RO          997    i.StatusMachine_Update  statusmachine.o
    0x0800a3dc   0x0000000c   Code   RO          288    i.SysTick_Handler   stm32f4xx_it.o
    0x0800a3e8   0x000000e4   Code   RO         1946    i.SystemClock_Config  bsp_init.o
    0x0800a4cc   0x00000064   Code   RO         3847    i.SystemInit        system_stm32f4xx.o
    0x0800a530   0x00000010   Code   RO          289    i.TIM6_DAC_IRQHandler  stm32f4xx_it.o
    0x0800a540   0x000000e4   Code   RO         4857    i.TIM_Base_SetConfig  stm32f4xx_hal_tim.o
    0x0800a624   0x0000001c   Code   RO         4858    i.TIM_CCxChannelCmd  stm32f4xx_hal_tim.o
    0x0800a640   0x00000070   Code   RO         4866    i.TIM_OC1_SetConfig  stm32f4xx_hal_tim.o
    0x0800a6b0   0x00000078   Code   RO         4867    i.TIM_OC2_SetConfig  stm32f4xx_hal_tim.o
    0x0800a728   0x00000078   Code   RO         4868    i.TIM_OC3_SetConfig  stm32f4xx_hal_tim.o
    0x0800a7a0   0x00000060   Code   RO         4869    i.TIM_OC4_SetConfig  stm32f4xx_hal_tim.o
    0x0800a800   0x000001bc   Code   RO          682    i.Task_Monitor      supervisetask.o
    0x0800a9bc   0x0000005c   Code   RO          786    i.TurnTableCaliProcess  iotask.o
    0x0800aa18   0x00000274   Code   RO         1289    i.Turntable_Cail    driver_frimotor.o
    0x0800ac8c   0x000003dc   Code   RO         1290    i.Turntable_Control  driver_frimotor.o
    0x0800b068   0x00000190   Code   RO          998    i.Turntable_Select  statusmachine.o
    0x0800b1f8   0x000000ac   Code   RO          290    i.UART8_IRQHandler  stm32f4xx_it.o
    0x0800b2a4   0x00000050   Code   RO         3940    i.UART_DMAError     stm32f4xx_hal_uart.o
    0x0800b2f4   0x00000046   Code   RO         3941    i.UART_DMAReceiveCplt  stm32f4xx_hal_uart.o
    0x0800b33a   0x0000000e   Code   RO         3943    i.UART_DMARxHalfCplt  stm32f4xx_hal_uart.o
    0x0800b348   0x00000018   Code   RO         3944    i.UART_DMARxOnlyAbortCallback  stm32f4xx_hal_uart.o
    0x0800b360   0x00000036   Code   RO         3945    i.UART_DMATransmitCplt  stm32f4xx_hal_uart.o
    0x0800b396   0x0000000e   Code   RO         3947    i.UART_DMATxHalfCplt  stm32f4xx_hal_uart.o
    0x0800b3a4   0x00000020   Code   RO         3949    i.UART_EndRxTransfer  stm32f4xx_hal_uart.o
    0x0800b3c4   0x00000014   Code   RO         3951    i.UART_EndTxTransfer  stm32f4xx_hal_uart.o
    0x0800b3d8   0x00000368   Code   RO         3953    i.UART_SetConfig    stm32f4xx_hal_uart.o
    0x0800b740   0x0000006c   Code   RO         3955    i.UART_WaitOnFlagUntilTimeout  stm32f4xx_hal_uart.o
    0x0800b7ac   0x0000009c   Code   RO          291    i.USART1_IRQHandler  stm32f4xx_it.o
    0x0800b848   0x000000a4   Code   RO          292    i.USART2_IRQHandler  stm32f4xx_it.o
    0x0800b8ec   0x000000a4   Code   RO          293    i.USART3_IRQHandler  stm32f4xx_it.o
    0x0800b990   0x000000a0   Code   RO          294    i.USART6_IRQHandler  stm32f4xx_it.o
    0x0800ba30   0x000005dc   Code   RO          910    i.UnderpanMoveControl  driver_chassis.o
    0x0800c00c   0x00000004   Code   RO          295    i.UsageFault_Handler  stm32f4xx_it.o
    0x0800c010   0x00000040   Code   RO         1854    i.Verify_CRC16_Check_Sum  driver_judge.o
    0x0800c050   0x0000002e   Code   RO         1855    i.Verify_CRC8_Check_Sum  driver_judge.o
    0x0800c07e   0x00000002   PAD
    0x0800c080   0x00000028   Code   RO          999    i.WorkStateSwitchProcess  statusmachine.o
    0x0800c0a8   0x000000c8   Code   RO         1000    i.WorkstateFSM      statusmachine.o
    0x0800c170   0x00000004   Code   RO         1947    i._Error_Handler    bsp_init.o
    0x0800c174   0x00000030   Code   RO         7566    i.__ARM_fpclassify  m_wm.l(fpclassify.o)
    0x0800c1a4   0x00000004   PAD
    0x0800c1a8   0x00000360   Code   RO         7436    i.__hardfp_asin     m_wm.l(asin.o)
    0x0800c508   0x000002d8   Code   RO         7535    i.__hardfp_atan     m_wm.l(atan.o)
    0x0800c7e0   0x000001f0   Code   RO         7450    i.__hardfp_atan2    m_wm.l(atan2.o)
    0x0800c9d0   0x000000c8   Code   RO         7462    i.__hardfp_cos      m_wm.l(cos.o)
    0x0800ca98   0x00000014   Code   RO         7474    i.__hardfp_fabs     m_wm.l(fabs.o)
    0x0800caac   0x00000004   PAD
    0x0800cab0   0x000000c8   Code   RO         7480    i.__hardfp_sin      m_wm.l(sin.o)
    0x0800cb78   0x0000007a   Code   RO         7492    i.__hardfp_sqrt     m_wm.l(sqrt.o)
    0x0800cbf2   0x00000006   PAD
    0x0800cbf8   0x00000438   Code   RO         7571    i.__ieee754_rem_pio2  m_wm.l(rred.o)
    0x0800d030   0x00000170   Code   RO         7549    i.__kernel_cos      m_wm.l(cos_i.o)
    0x0800d1a0   0x000000f8   Code   RO         7568    i.__kernel_poly     m_wm.l(poly.o)
    0x0800d298   0x00000130   Code   RO         7576    i.__kernel_sin      m_wm.l(sin_i.o)
    0x0800d3c8   0x00000014   Code   RO         7553    i.__mathlib_dbl_infnan  m_wm.l(dunder.o)
    0x0800d3dc   0x00000014   Code   RO         7554    i.__mathlib_dbl_infnan2  m_wm.l(dunder.o)
    0x0800d3f0   0x00000020   Code   RO         7555    i.__mathlib_dbl_invalid  m_wm.l(dunder.o)
    0x0800d410   0x00000020   Code   RO         7558    i.__mathlib_dbl_underflow  m_wm.l(dunder.o)
    0x0800d430   0x0000000e   Code   RO         7622    i.__scatterload_copy  mc_w.l(handlers.o)
    0x0800d43e   0x00000002   Code   RO         7623    i.__scatterload_null  mc_w.l(handlers.o)
    0x0800d440   0x0000000e   Code   RO         7624    i.__scatterload_zeroinit  mc_w.l(handlers.o)
    0x0800d44e   0x00000002   PAD
    0x0800d450   0x0000000c   Code   RO         7604    i.__set_errno       mc_w.l(errno.o)
    0x0800d45c   0x00000010   Code   RO         7537    i.atan              m_wm.l(atan.o)
    0x0800d46c   0x00000032   Code   RO         2360    i.bufferPop         data.o
    0x0800d49e   0x00000034   Code   RO         2361    i.bufferPush        data.o
    0x0800d4d2   0x00000028   Code   RO         2362    i.buffer_multiPop   data.o
    0x0800d4fa   0x00000018   Code   RO         2363    i.bufferlen         data.o
    0x0800d512   0x00000018   Code   RO         7476    i.fabs              m_wm.l(fabs.o)
    0x0800d52a   0x0000002a   Code   RO          563    i.get_measure       canbustask.o
    0x0800d554   0x0000003c   Code   RO         2543    i.invSqrt           imu.o
    0x0800d590   0x0000009c   Code   RO            4    i.main              main.o
    0x0800d62c   0x0000000e   Code   RO         2733    i.makeFreeRtosPriority  cmsis_os.o
    0x0800d63a   0x00000018   Code   RO         2735    i.osDelay           cmsis_os.o
    0x0800d652   0x00000010   Code   RO         2771    i.osSystickHandler  cmsis_os.o
    0x0800d662   0x00000030   Code   RO         2772    i.osThreadCreate    cmsis_os.o
    0x0800d692   0x00000002   PAD
    0x0800d694   0x00000098   Code   RO         3551    i.prvAddCurrentTaskToDelayedList  tasks.o
    0x0800d72c   0x000000b4   Code   RO         3552    i.prvAddNewTaskToReadyList  tasks.o
    0x0800d7e0   0x0000007c   Code   RO         3135    i.prvHeapInit       heap_4.o
    0x0800d85c   0x000000aa   Code   RO         3556    i.prvInitialiseNewTask  tasks.o
    0x0800d906   0x00000002   PAD
    0x0800d908   0x00000068   Code   RO         3557    i.prvInitialiseTaskLists  tasks.o
    0x0800d970   0x00000068   Code   RO         3136    i.prvInsertBlockIntoFreeList  heap_4.o
    0x0800d9d8   0x00000034   Code   RO         3558    i.prvResetNextTaskUnblockTime  tasks.o
    0x0800da0c   0x00000040   Code   RO         3474    i.prvTaskExitError  port.o
    0x0800da4c   0x0000013c   Code   RO         3137    i.pvPortMalloc      heap_4.o
    0x0800db88   0x0000002c   Code   RO         3475    i.pxPortInitialiseStack  port.o
    0x0800dbb4   0x00000024   Code   RO         1001    i.set_shootnum      statusmachine.o
    0x0800dbd8   0x000000d8   Code   RO         1924    i.shoot_limitcal    driver_levellimit.o
    0x0800dcb0   0x0000006e   Code   RO         7494    i.sqrt              m_wm.l(sqrt.o)
    0x0800dd1e   0x00000028   Code   RO         3360    i.uxListRemove      list.o
    0x0800dd46   0x0000001a   Code   RO         3361    i.vListInitialise   list.o
    0x0800dd60   0x00000006   Code   RO         3362    i.vListInitialiseItem  list.o
    0x0800dd66   0x00000034   Code   RO         3363    i.vListInsert       list.o
    0x0800dd9a   0x00000018   Code   RO         3364    i.vListInsertEnd    list.o
    0x0800ddb2   0x00000002   PAD
    0x0800ddb4   0x00000054   Code   RO         3477    i.vPortEnterCritical  port.o
    0x0800de08   0x0000003c   Code   RO         3478    i.vPortExitCritical  port.o
    0x0800de44   0x00000094   Code   RO         3138    i.vPortFree         heap_4.o
    0x0800ded8   0x0000005c   Code   RO         3566    i.vTaskDelay        tasks.o
    0x0800df34   0x00000010   Code   RO         3579    i.vTaskSuspendAll   tasks.o
    0x0800df44   0x0000008c   Code   RO         3580    i.vTaskSwitchContext  tasks.o
    0x0800dfd0   0x00000034   Code   RO         3482    i.xPortSysTickHandler  port.o
    0x0800e004   0x00000060   Code   RO         3582    i.xTaskCreate       tasks.o
    0x0800e064   0x00000020   Code   RO         3586    i.xTaskGetSchedulerState  tasks.o
    0x0800e084   0x00000148   Code   RO         3589    i.xTaskIncrementTick  tasks.o
    0x0800e1cc   0x00000104   Code   RO         3595    i.xTaskResumeAll    tasks.o
    0x0800e2d0   0x00000014   Data   RO          506    .constdata          freertos.o
    0x0800e2e4   0x0000004a   Data   RO         1379    .constdata          driver_beep.o
    0x0800e32e   0x00000302   Data   RO         1857    .constdata          driver_judge.o
    0x0800e630   0x00000014   Data   RO         2625    .constdata          test_imu.o
    0x0800e644   0x00000018   Data   RO         3848    .constdata          system_stm32f4xx.o
    0x0800e65c   0x00000008   Data   RO         5611    .constdata          stm32f4xx_hal_dma.o
    0x0800e664   0x00000004   PAD
    0x0800e668   0x00000050   Data   RO         7439    .constdata          m_wm.l(asin.o)
    0x0800e6b8   0x00000098   Data   RO         7538    .constdata          m_wm.l(atan.o)
    0x0800e750   0x00000030   Data   RO         7550    .constdata          m_wm.l(cos_i.o)
    0x0800e780   0x00000008   Data   RO         7570    .constdata          m_wm.l(qnan.o)
    0x0800e788   0x000000c8   Data   RO         7573    .constdata          m_wm.l(rred.o)
    0x0800e850   0x00000028   Data   RO         7577    .constdata          m_wm.l(sin_i.o)
    0x0800e878   0x0000000c   Data   RO          507    .conststring        freertos.o
    0x0800e884   0x00000020   Data   RO         7620    Region$$Table       anon$$obj.o


    Execution Region RW_IRAM1 (Base: 0x20000000, Size: 0x00007150, Max: 0x00030000, ABSOLUTE, COMPRESSED[0x00000120])

    Base Addr    Size         Type   Attr      Idx    E Section Name        Object

    0x20000000   0x00000014   Data   RW            6    .data               main.o
    0x20000014   0x00000028   Data   RW          297    .data               stm32f4xx_it.o
    0x2000003c   0x00000004   Data   RW          508    .data               freertos.o
    0x20000040   0x00000070   Data   RW          565    .data               canbustask.o
    0x200000b0   0x00000048   Data   RW          683    .data               supervisetask.o
    0x200000f8   0x00000004   Data   RW          708    .data               controltask.o
    0x200000fc   0x00000040   Data   RW          788    .data               iotask.o
    0x2000013c   0x0000022c   Data   RW          912    .data               driver_chassis.o
    0x20000368   0x00000019   Data   RW         1003    .data               statusmachine.o
    0x20000381   0x00000003   PAD
    0x20000384   0x000001e0   Data   RW         1154    .data               driver_gimbal.o
    0x20000564   0x00000008   Data   RW         1242    .data               remote.o
    0x2000056c   0x0000027a   Data   RW         1291    .data               driver_frimotor.o
    0x200007e6   0x00000002   PAD
    0x200007e8   0x00000009   Data   RW         1380    .data               driver_beep.o
    0x200007f1   0x00000003   PAD
    0x200007f4   0x00000014   Data   RW         1481    .data               driver_protocol.o
    0x20000808   0x00000006   Data   RW         1619    .data               driver_minifold.o
    0x2000080e   0x00000004   Data   RW         1751    .data               dm9015.o
    0x20000812   0x00000002   PAD
    0x20000814   0x00000008   Data   RW         1813    .data               driver_currentmeasure.o
    0x2000081c   0x00000008   Data   RW         1858    .data               driver_judge.o
    0x20000824   0x00000003   Data   RW         1925    .data               driver_levellimit.o
    0x20000827   0x00000001   PAD
    0x20000828   0x000000cc   Data   RW         2545    .data               imu.o
    0x200008f4   0x00000018   Data   RW         2626    .data               test_imu.o
    0x2000090c   0x00000018   Data   RW         2703    .data               imu_out.o
    0x20000924   0x00000018   Data   RW         3143    .data               heap_4.o
    0x2000093c   0x0000000c   Data   RW         3483    .data               port.o
    0x20000948   0x0000003c   Data   RW         3598    .data               tasks.o
    0x20000984   0x00000004   Data   RW         3849    .data               system_stm32f4xx.o
    0x20000988   0x00000004   Data   RW         4256    .data               stm32f4xx_hal.o
    0x2000098c   0x00000004   Data   RW         7605    .data               mc_w.l(errno.o)
    0x20000990   0x000001f4   Zero   RW          296    .bss                stm32f4xx_it.o
    0x20000b84   0x00000120   Zero   RW          564    .bss                canbustask.o
    0x20000ca4   0x000001ab   Zero   RW          787    .bss                iotask.o
    0x20000e4f   0x00000001   PAD
    0x20000e50   0x00000014   Zero   RW          911    .bss                driver_chassis.o
    0x20000e64   0x0000013a   Zero   RW         1002    .bss                statusmachine.o
    0x20000f9e   0x00000016   Zero   RW         1241    .bss                remote.o
    0x20000fb4   0x000003e0   Zero   RW         1480    .bss                driver_protocol.o
    0x20001394   0x000004ea   Zero   RW         1618    .bss                driver_minifold.o
    0x2000187e   0x000004d6   Zero   RW         1750    .bss                dm9015.o
    0x20001d54   0x00000078   Zero   RW         1812    .bss                driver_currentmeasure.o
    0x20001dcc   0x00000026   Zero   RW         1856    .bss                driver_judge.o
    0x20001df2   0x00000002   PAD
    0x20001df4   0x00000180   Zero   RW         2046    .bss                usart.o
    0x20001f74   0x00000108   Zero   RW         2115    .bss                can.o
    0x2000207c   0x000003c0   Zero   RW         2160    .bss                dma.o
    0x2000243c   0x00000058   Zero   RW         2189    .bss                spi.o
    0x20002494   0x0000012c   Zero   RW         2236    .bss                tim.o
    0x200025c0   0x00000858   Zero   RW         2364    .bss                data.o
    0x20002e18   0x00000048   Zero   RW         2435    .bss                adc.o
    0x20002e60   0x000000a8   Zero   RW         2477    .bss                i2c.o
    0x20002f08   0x00000040   Zero   RW         2544    .bss                imu.o
    0x20002f48   0x000000f4   Zero   RW         2624    .bss                test_imu.o
    0x2000303c   0x00003c00   Zero   RW         3142    .bss                heap_4.o
    0x20006c3c   0x000000f0   Zero   RW         3597    .bss                tasks.o
    0x20006d2c   0x00000020   Zero   RW         5495    .bss                stm32f4xx_hal_flash.o
    0x20006d4c   0x00000004   PAD
    0x20006d50   0x00000400   Zero   RW         3836    STACK               startup_stm32f427xx.o


==============================================================================

Image component sizes


      Code (inc. data)   RO Data    RW Data    ZI Data      Debug   Object Name

       208         44          0          0         72       1713   adc.o
       300         30          0          0          0       2185   bsp_init.o
       548         86          0          0        264       2598   can.o
      1122        122          0        112        288      11770   canbustask.o
       102          0          0          0          0      12506   cmsis_os.o
       260         48          0          4          0       6606   controltask.o
       166          0          0          0       2136       3874   data.o
       552         42          0          4       1238       5448   dm9015.o
        72          6          0          0        960       1486   dma.o
       260         58         74          9          0       2659   driver_beep.o
      4872        298          0        556         20       8599   driver_chassis.o
       140         20          0          8        120       1069   driver_currentmeasure.o
      2512        314          0        634          0       8097   driver_frimotor.o
      1794        204          0        480          0       8847   driver_gimbal.o
       530         38        770          8         38       8220   driver_judge.o
       216         18          0          3          0       1265   driver_levellimit.o
       432         54          0          6       1258       3562   driver_minifold.o
      4016        304          0         20        992      16159   driver_protocol.o
       352         52          0          0          0       2121   flash.o
        50         10         32          4          0       5162   freertos.o
       612         38          0          0          0       1407   gpio.o
       692         62          0         24      15360       7387   heap_4.o
         0          0          0          0        168        252   i2c.o
      3348        290          0        204         64       6930   imu.o
         0          0          0         24          0        457   imu_out.o
      1220        196          0         64        427      11786   iotask.o
       148          0          0          0          0       3610   list.o
       156         30          0         20          0     792507   main.o
       196          0          0          0          0        568   nvic.o
       326          6          0          0          0       5866   pid.o
       490         44          0         12          0       9515   port.o
         0          0          0          0          0       8076   queue.o
        76          0          0          0          0       3418   ramp.o
       492         42          0          8         22       5147   remote.o
       184         38          0          0         88       1733   spi.o
        36          8        428          0       1024        812   startup_stm32f427xx.o
      1688        292          0         25        314      13883   statusmachine.o
       158         20          0          4          0       4483   stm32f4xx_hal.o
      1256         34          0          0          0       5506   stm32f4xx_hal_adc.o
         2          0          0          0          0       1025   stm32f4xx_hal_adc_ex.o
      2626         22          0          0          0       7779   stm32f4xx_hal_can.o
       338         22          0          0          0      31565   stm32f4xx_hal_cortex.o
      1454         20          8          0          0       7106   stm32f4xx_hal_dma.o
       656         60          0          0         32       6062   stm32f4xx_hal_flash.o
       108          4          0          0          0        737   stm32f4xx_hal_flash_ex.o
       604         58          0          0          0       4295   stm32f4xx_hal_gpio.o
       240         10          0          0          0       1976   stm32f4xx_hal_i2c.o
        86          0          0          0          0        518   stm32f4xx_hal_msp.o
      1844         80          0          0          0       5520   stm32f4xx_hal_rcc.o
      1086          0          0          0          0       4517   stm32f4xx_hal_spi.o
      1622         88          0          0          0      12359   stm32f4xx_hal_tim.o
       102          0          0          0          0       2370   stm32f4xx_hal_tim_ex.o
      2544         42          0          0          0      17239   stm32f4xx_hal_uart.o
      1528        286          0         40        500      18706   stm32f4xx_it.o
       444        100          0         72          0       2539   supervisetask.o
       100         18         24          4          0       1179   system_stm32f4xx.o
      1622        228          0         60        240      13772   tasks.o
      1356        108         20         24        244       7732   test_imu.o
      1036        166          0          0        300       5551   tim.o
         0          0          0          0          0       1472   timers.o
      1748        258          0          0        384       5201   usart.o

    ----------------------------------------------------------------------
     50778       4418       1392       2444      26560    1156509   Object Totals
         0          0         32          0          0          0   (incl. Generated)
        50          0          4         11          7          0   (incl. Padding)

    ----------------------------------------------------------------------

      Code (inc. data)   RO Data    RW Data    ZI Data      Debug   Library Member Name

       864         94         80          0          0        280   asin.o
       744        106        152          0          0        352   atan.o
       496         64          0          0          0        192   atan2.o
       200         20          0          0          0        164   cos.o
       368         46         48          0          0        200   cos_i.o
       104         16          0          0          0        496   dunder.o
        44          0          0          0          0        248   fabs.o
        48          0          0          0          0        124   fpclassify.o
       248          0          0          0          0        152   poly.o
         0          0          8          0          0          0   qnan.o
      1080        142        200          0          0        188   rred.o
       200         20          0          0          0        164   sin.o
       304         24         40          0          0        208   sin_i.o
       232          0          0          0          0        296   sqrt.o
        86          0          0          0          0          0   __dczerorl2.o
         0          0          0          0          0          0   entry.o
         0          0          0          0          0          0   entry10a.o
         0          0          0          0          0          0   entry11a.o
         8          4          0          0          0          0   entry2.o
         4          0          0          0          0          0   entry5.o
         0          0          0          0          0          0   entry7b.o
         0          0          0          0          0          0   entry8b.o
         8          4          0          0          0          0   entry9a.o
        12          6          0          4          0         68   errno.o
        30          0          0          0          0          0   handlers.o
        36          8          0          0          0         68   init.o
         0          0          0          0          0          0   iusefp.o
        30          0          0          0          0         68   llshl.o
        36          0          0          0          0         68   llsshr.o
        32          0          0          0          0         68   llushr.o
        36          0          0          0          0         68   memcpya.o
        36          0          0          0          0        108   memseta.o
        48          0          0          0          0         68   cdcmple.o
        48          0          0          0          0         68   cdrcmple.o
        56          0          0          0          0         88   d2f.o
       334          0          0          0          0        148   dadd.o
       222          0          0          0          0        100   ddiv.o
       186          0          0          0          0        176   depilogue.o
        62          0          0          0          0         80   dfixi.o
        34          0          0          0          0         76   dflti.o
        26          0          0          0          0         76   dfltui.o
       228          0          0          0          0         96   dmul.o
       162          0          0          0          0        100   dsqrt.o
        38          0          0          0          0         68   f2d.o
       110          0          0          0          0        168   fepilogue.o

    ----------------------------------------------------------------------
      6858        554        528          4          0       4892   Library Totals
        18          0          0          0          0          0   (incl. Padding)

    ----------------------------------------------------------------------

      Code (inc. data)   RO Data    RW Data    ZI Data      Debug   Library Name

      4932        532        528          0          0       3064   m_wm.l
       354         22          0          4          0        516   mc_w.l
      1554          0          0          0          0       1312   mf_w.l

    ----------------------------------------------------------------------
      6858        554        528          4          0       4892   Library Totals

    ----------------------------------------------------------------------

==============================================================================


      Code (inc. data)   RO Data    RW Data    ZI Data      Debug   

     57636       4972       1920       2448      26560    1125601   Grand Totals
     57636       4972       1920        288      26560    1125601   ELF Image Totals (compressed)
     57636       4972       1920        288          0          0   ROM Totals

==============================================================================

    Total RO  Size (Code + RO Data)                59556 (  58.16kB)
    Total RW  Size (RW Data + ZI Data)             29008 (  28.33kB)
    Total ROM Size (Code + RO Data + RW Data)      59844 (  58.44kB)

==============================================================================

