<html>
<body>
<pre>
<h1>µVision Build Log</h1>
<h2>Tool Versions:</h2>
IDE-Version: ¦ÌVision V5.22.0.0
Copyright (C) 2016 ARM Ltd and ARM Germany GmbH. All rights reserved.
License Information: XY Z, XYZ, LIC=14HGK-ZHSS3-LCHJF-6UJC1-Y5SIP-TKTZX
 
Tool Versions:
Toolchain:       MDK-ARM Plus  Version: 5.22
Toolchain Path:  C:\Keil_v5\ARM\ARMCC\Bin
C Compiler:      Armcc.exe V5.06 update 4 (build 422)
Assembler:       Armasm.exe V5.06 update 4 (build 422)
Linker/Locator:  ArmLink.exe V5.06 update 4 (build 422)
Library Manager: ArmAr.exe V5.06 update 4 (build 422)
Hex Converter:   FromElf.exe V5.06 update 4 (build 422)
CPU DLL:         SARMCM3.DLL V5.22
Dialog DLL:      DARMSTM.DLL V1.67.0.0
Target DLL:      STLink\ST-LINKIII-KEIL_SWO.dll V2.0.18.0
Dialog DLL:      TARMSTM.DLL V1.66.0.0
 
<h2>Project:</h2>
C:\Users\XK.star\Desktop\Now\4.27\Chassic3.0\MDK-ARM\Chassic3.0.uvprojx
Project File Date:  04/08/2019

<h2>Output:</h2>
*** Using Compiler 'V5.06 update 4 (build 422)', folder: 'C:\Keil_v5\ARM\ARMCC\Bin'
Build target 'Chassic3.0'
compiling Driver_FriMotor.c...
..\Driver\Driver_LevelLimit.h(4): warning:  #1295-D: Deprecated declaration Power_Limit_OutputCal - give arg types
  void Power_Limit_OutputCal();
..\Driver\Driver_FriMotor.c(441): warning:  #1035-D: single-precision operand implicitly converted to double-precision
  					PID_Task(&BulletTurntablePositionPID, BulletTurntable_ref.Angle, BulletEncoder.ecd_angle/19.0);
..\Driver\Driver_FriMotor.c(465): warning:  #1-D: last line of file ends without a newline
  }
..\Driver\Driver_FriMotor.c: 3 warnings, 0 errors
linking...
Program Size: Code=57636 RO-data=1920 RW-data=2448 ZI-data=26560  
"Chassic3.0\Chassic3.0" - 0 Error(s), 3 Warning(s).

<h2>Software Packages used:</h2>

Package Vendor: ARM
                http://www.keil.com/pack/ARM.CMSIS.5.3.0.pack
                ARM::CMSIS:CORE:5.1.1
                CMSIS (Cortex Microcontroller Software Interface Standard)
   * Component: CORE Version: 5.1.1

<h2>Collection of Component include folders:</h2>
  C:\Users\XK.star\Desktop\Now\4.27\Chassic3.0\MDK-ARM\RTE\_Chassic3.0
  C:\Keil_v5\ARM\PACK\ARM\CMSIS\5.3.0\CMSIS\Include
  C:\Keil_v5\ARM\PACK\Keil\Keil.STM32F4xx_DFP.2.13.0\Drivers\CMSIS\Device\ST\STM32F4xx\Include

<h2>Collection of Component Files used:</h2>

   * Component: ARM::CMSIS:CORE:5.1.1
Build Time Elapsed:  00:00:07
</pre>
</body>
</html>
